###############################################################################
#
# IAR ELF Linker V9.20.1.318/W64 for ARM                  07/Nov/2024  19:20:39
# Copyright 2007-2021 IAR Systems AB.
#
#    Output file  =  C:\Users\10217\Desktop\coolSrc\prj\Debug\Exe\DogCollar.out
#    Map file     =
#        C:\Users\10217\Desktop\coolSrc\prj\Debug\List\DogCollar.map
#    Command line =
#        -f C:\Users\10217\Desktop\coolSrc\prj\Debug\Exe\DogCollar.out.rsp
#        (C:\Users\10217\Desktop\coolSrc\prj\Debug\Obj\rt-thread[5.0.1]\components\drivers\misc\adc.o
#        C:\Users\10217\Desktop\coolSrc\prj\Debug\Obj\app\business\adc_thread.o
#        C:\Users\10217\Desktop\coolSrc\prj\Debug\Obj\rt-thread[5.0.1]\components\drivers\rtc\alarm.o
#        C:\Users\10217\Desktop\coolSrc\prj\Debug\Obj\app\hci\common\app_gpio.o
#        C:\Users\10217\Desktop\coolSrc\prj\Debug\Obj\app\hci\common\app_led.o
#        C:\Users\10217\Desktop\coolSrc\prj\Debug\Obj\app\hci\common\app_misc.o
#        C:\Users\10217\Desktop\coolSrc\prj\Debug\Obj\app\hci\common\app_ulog.o
#        C:\Users\10217\Desktop\coolSrc\prj\Debug\Obj\app\at_client\common\at.o
#        C:\Users\10217\Desktop\coolSrc\prj\Debug\Obj\app\at_client\common\at_client.o
#        C:\Users\10217\Desktop\coolSrc\prj\Debug\Obj\rt-thread[5.0.1]\libcpu\arm\atomic_arm.o
#        C:\Users\10217\Desktop\coolSrc\prj\Debug\Obj\app\at_client\bg77\bg77.o
#        C:\Users\10217\Desktop\coolSrc\prj\Debug\Obj\app\at_client\bg77\bg77_cart.o
#        C:\Users\10217\Desktop\coolSrc\prj\Debug\Obj\app\at_client\bg77\bg77_cmd.o
#        C:\Users\10217\Desktop\coolSrc\prj\Debug\Obj\app\at_client\bg77\bg77_file.o
#        C:\Users\10217\Desktop\coolSrc\prj\Debug\Obj\app\at_client\bg77\bg77_ftp.o
#        C:\Users\10217\Desktop\coolSrc\prj\Debug\Obj\app\at_client\bg77\bg77_https.o
#        C:\Users\10217\Desktop\coolSrc\prj\Debug\Obj\app\at_client\bg77\bg77_mqtt.o
#        C:\Users\10217\Desktop\coolSrc\prj\Debug\Obj\app\at_client\bg77\bg77_tcpip.o
#        C:\Users\10217\Desktop\coolSrc\prj\Debug\Obj\bsp\drivers\board.o
#        C:\Users\10217\Desktop\coolSrc\prj\Debug\Obj\app\business\business.o
#        C:\Users\10217\Desktop\coolSrc\prj\Debug\Obj\rt-thread[5.0.1]\components\libc\common\cctype.o
#        C:\Users\10217\Desktop\coolSrc\prj\Debug\Obj\packages\cJSON\cJSON.o
#        C:\Users\10217\Desktop\coolSrc\prj\Debug\Obj\packages\cJSON\cJSON_port.o
#        C:\Users\10217\Desktop\coolSrc\prj\Debug\Obj\packages\cJSON\cJSON_util.o
#        C:\Users\10217\Desktop\coolSrc\prj\Debug\Obj\rt-thread[5.0.1]\src\clock.o
#        C:\Users\10217\Desktop\coolSrc\prj\Debug\Obj\rt-thread[5.0.1]\components\finsh\cmd.o
#        C:\Users\10217\Desktop\coolSrc\prj\Debug\Obj\rt-thread[5.0.1]\components\drivers\ipc\completion.o
#        C:\Users\10217\Desktop\coolSrc\prj\Debug\Obj\rt-thread[5.0.1]\src\components.o
#        C:\Users\10217\Desktop\coolSrc\prj\Debug\Obj\rt-thread[5.0.1]\components\utilities\ulog\backend\console_be.o
#        C:\Users\10217\Desktop\coolSrc\prj\Debug\Obj\rt-thread[5.0.1]\libcpu\arm\context_iar.o
#        C:\Users\10217\Desktop\coolSrc\prj\Debug\Obj\rt-thread[5.0.1]\libcpu\arm\cpuport.o
#        C:\Users\10217\Desktop\coolSrc\prj\Debug\Obj\rt-thread[5.0.1]\components\libc\common\cstdio.o
#        C:\Users\10217\Desktop\coolSrc\prj\Debug\Obj\rt-thread[5.0.1]\components\libc\common\cstdlib.o
#        C:\Users\10217\Desktop\coolSrc\prj\Debug\Obj\rt-thread[5.0.1]\components\libc\common\cstring.o
#        C:\Users\10217\Desktop\coolSrc\prj\Debug\Obj\rt-thread[5.0.1]\components\libc\common\ctime.o
#        C:\Users\10217\Desktop\coolSrc\prj\Debug\Obj\rt-thread[5.0.1]\components\libc\common\cwchar.o
#        C:\Users\10217\Desktop\coolSrc\prj\Debug\Obj\rt-thread[5.0.1]\components\drivers\ipc\dataqueue.o
#        C:\Users\10217\Desktop\coolSrc\prj\Debug\Obj\rt-thread[5.0.1]\components\dfs\filesystems\devfs\devfs.o
#        C:\Users\10217\Desktop\coolSrc\prj\Debug\Obj\rt-thread[5.0.1]\src\device.o
#        C:\Users\10217\Desktop\coolSrc\prj\Debug\Obj\rt-thread[5.0.1]\components\dfs\src\dfs.o
#        C:\Users\10217\Desktop\coolSrc\prj\Debug\Obj\rt-thread[5.0.1]\components\dfs\src\dfs_file.o
#        C:\Users\10217\Desktop\coolSrc\prj\Debug\Obj\rt-thread[5.0.1]\components\dfs\src\dfs_fs.o
#        C:\Users\10217\Desktop\coolSrc\prj\Debug\Obj\rt-thread[5.0.1]\components\dfs\src\dfs_posix.o
#        C:\Users\10217\Desktop\coolSrc\prj\Debug\Obj\rt-thread[5.0.1]\components\dfs\filesystems\uffs\storage\nor\dfs_uffs.o
#        C:\Users\10217\Desktop\coolSrc\prj\Debug\Obj\rt-thread[5.0.1]\libcpu\arm\div0.o
#        C:\Users\10217\Desktop\coolSrc\prj\Debug\Obj\bsp\drivers\drv_adc.o
#        C:\Users\10217\Desktop\coolSrc\prj\Debug\Obj\bsp\drivers\drv_common.o
#        C:\Users\10217\Desktop\coolSrc\prj\Debug\Obj\bsp\drivers\drv_flash_u5.o
#        C:\Users\10217\Desktop\coolSrc\prj\Debug\Obj\bsp\drivers\drv_gpio.o
#        C:\Users\10217\Desktop\coolSrc\prj\Debug\Obj\bsp\drivers\drv_lptim.o
#        C:\Users\10217\Desktop\coolSrc\prj\Debug\Obj\bsp\drivers\drv_pm.o
#        C:\Users\10217\Desktop\coolSrc\prj\Debug\Obj\bsp\drivers\drv_rng.o
#        C:\Users\10217\Desktop\coolSrc\prj\Debug\Obj\bsp\drivers\drv_rtc.o
#        C:\Users\10217\Desktop\coolSrc\prj\Debug\Obj\bsp\drivers\drv_soft_i2c.o
#        C:\Users\10217\Desktop\coolSrc\prj\Debug\Obj\bsp\drivers\drv_usart.o
#        C:\Users\10217\Desktop\coolSrc\prj\Debug\Obj\packages\easyblink-v2.0.1\easyblink.o
#        C:\Users\10217\Desktop\coolSrc\prj\Debug\Obj\rt-thread[5.0.1]\components\libc\dlib\environ.o
#        C:\Users\10217\Desktop\coolSrc\prj\Debug\Obj\app\at_client\esp\esp.o
#        C:\Users\10217\Desktop\coolSrc\prj\Debug\Obj\app\at_client\esp\esp_bt.o
#        C:\Users\10217\Desktop\coolSrc\prj\Debug\Obj\app\oam\service\esp_btser.o
#        C:\Users\10217\Desktop\coolSrc\prj\Debug\Obj\app\oam\service\esp_client.o
#        C:\Users\10217\Desktop\coolSrc\prj\Debug\Obj\app\at_client\esp\esp_cmd.o
#        C:\Users\10217\Desktop\coolSrc\prj\Debug\Obj\app\at_client\esp\esp_https.o
#        C:\Users\10217\Desktop\coolSrc\prj\Debug\Obj\app\at_client\esp\esp_mqtt.o
#        C:\Users\10217\Desktop\coolSrc\prj\Debug\Obj\app\at_client\esp\esp_tcpip.o
#        C:\Users\10217\Desktop\coolSrc\prj\Debug\Obj\rt-thread[5.0.1]\components\drivers\i2c\i2c-bit-ops.o
#        C:\Users\10217\Desktop\coolSrc\prj\Debug\Obj\rt-thread[5.0.1]\components\drivers\i2c\i2c_core.o
#        C:\Users\10217\Desktop\coolSrc\prj\Debug\Obj\rt-thread[5.0.1]\components\drivers\i2c\i2c_dev.o
#        C:\Users\10217\Desktop\coolSrc\prj\Debug\Obj\packages\i2c-tools\i2c_tools.o
#        C:\Users\10217\Desktop\coolSrc\prj\Debug\Obj\packages\i2c-tools\i2c_utils.o
#        C:\Users\10217\Desktop\coolSrc\prj\Debug\Obj\rt-thread[5.0.1]\src\idle.o
#        C:\Users\10217\Desktop\coolSrc\prj\Debug\Obj\rt-thread[5.0.1]\src\ipc.o
#        C:\Users\10217\Desktop\coolSrc\prj\Debug\Obj\rt-thread[5.0.1]\src\irq.o
#        C:\Users\10217\Desktop\coolSrc\prj\Debug\Obj\app\hci\ittes\ittes_main.o
#        C:\Users\10217\Desktop\coolSrc\prj\Debug\Obj\rt-thread[5.0.1]\src\kservice.o
#        C:\Users\10217\Desktop\coolSrc\prj\Debug\Obj\app\oam\lan\lan.o
#        C:\Users\10217\Desktop\coolSrc\prj\Debug\Obj\app\oam\lan\lan_get.o
#        C:\Users\10217\Desktop\coolSrc\prj\Debug\Obj\app\oam\lan\lan_set.o
#        C:\Users\10217\Desktop\coolSrc\prj\Debug\Obj\rt-thread[5.0.1]\components\drivers\pm\lptimer.o
#        C:\Users\10217\Desktop\coolSrc\prj\Debug\Obj\bsp\drivers\LSM6DS3.o
#        C:\Users\10217\Desktop\coolSrc\prj\Debug\Obj\app\main.o
#        C:\Users\10217\Desktop\coolSrc\prj\Debug\Obj\rt-thread[5.0.1]\src\mem.o
#        C:\Users\10217\Desktop\coolSrc\prj\Debug\Obj\rt-thread[5.0.1]\src\mempool.o
#        C:\Users\10217\Desktop\coolSrc\prj\Debug\Obj\rt-thread[5.0.1]\components\finsh\msh.o
#        C:\Users\10217\Desktop\coolSrc\prj\Debug\Obj\app\hci\msh\msh_bg77.o
#        C:\Users\10217\Desktop\coolSrc\prj\Debug\Obj\app\hci\msh\msh_board.o
#        C:\Users\10217\Desktop\coolSrc\prj\Debug\Obj\app\hci\msh\msh_config.o
#        C:\Users\10217\Desktop\coolSrc\prj\Debug\Obj\app\hci\msh\msh_debug.o
#        C:\Users\10217\Desktop\coolSrc\prj\Debug\Obj\app\hci\msh\msh_esp32.o
#        C:\Users\10217\Desktop\coolSrc\prj\Debug\Obj\rt-thread[5.0.1]\components\finsh\msh_file.o
#        C:\Users\10217\Desktop\coolSrc\prj\Debug\Obj\app\hci\msh\msh_lan.o
#        C:\Users\10217\Desktop\coolSrc\prj\Debug\Obj\app\hci\msh\msh_led.o
#        C:\Users\10217\Desktop\coolSrc\prj\Debug\Obj\rt-thread[5.0.1]\components\finsh\msh_parse.o
#        C:\Users\10217\Desktop\coolSrc\prj\Debug\Obj\app\hci\msh\msh_pm.o
#        C:\Users\10217\Desktop\coolSrc\prj\Debug\Obj\app\hci\msh\msh_show.o
#        C:\Users\10217\Desktop\coolSrc\prj\Debug\Obj\app\hci\msh\msh_smart.o
#        C:\Users\10217\Desktop\coolSrc\prj\Debug\Obj\app\hci\msh\msh_system.o
#        C:\Users\10217\Desktop\coolSrc\prj\Debug\Obj\bsp\drivers\mx25uxx.o
#        C:\Users\10217\Desktop\coolSrc\prj\Debug\Obj\app\oam\oam_port.o
#        C:\Users\10217\Desktop\coolSrc\prj\Debug\Obj\app\oam\oam_thread.o
#        C:\Users\10217\Desktop\coolSrc\prj\Debug\Obj\rt-thread[5.0.1]\src\object.o
#        C:\Users\10217\Desktop\coolSrc\prj\Debug\Obj\app\system\ota.o
#        C:\Users\10217\Desktop\coolSrc\prj\Debug\Obj\rt-thread[5.0.1]\components\drivers\misc\pin.o
#        C:\Users\10217\Desktop\coolSrc\prj\Debug\Obj\rt-thread[5.0.1]\components\drivers\ipc\pipe.o
#        C:\Users\10217\Desktop\coolSrc\prj\Debug\Obj\app\system\pit.o
#        C:\Users\10217\Desktop\coolSrc\prj\Debug\Obj\rt-thread[5.0.1]\components\drivers\pm\pm.o
#        C:\Users\10217\Desktop\coolSrc\prj\Debug\Obj\app\system\PPItems.o
#        C:\Users\10217\Desktop\coolSrc\prj\Debug\Obj\packages\quick_led-latest\qled.o
#        C:\Users\10217\Desktop\coolSrc\prj\Debug\Obj\packages\quick_led-latest\qled_sample.o
#        C:\Users\10217\Desktop\coolSrc\prj\Debug\Obj\app\oam\service\quectel_client.o
#        C:\Users\10217\Desktop\coolSrc\prj\Debug\Obj\app\public\Queue16.o
#        C:\Users\10217\Desktop\coolSrc\prj\Debug\Obj\app\public\Queue32.o
#        C:\Users\10217\Desktop\coolSrc\prj\Debug\Obj\app\system\reg_edit.o
#        C:\Users\10217\Desktop\coolSrc\prj\Debug\Obj\rt-thread[5.0.1]\components\drivers\ipc\ringblk_buf.o
#        C:\Users\10217\Desktop\coolSrc\prj\Debug\Obj\rt-thread[5.0.1]\components\drivers\ipc\ringbuffer.o
#        C:\Users\10217\Desktop\coolSrc\prj\Debug\Obj\app\public\rt_utils_tlv.o
#        C:\Users\10217\Desktop\coolSrc\prj\Debug\Obj\rt-thread[5.0.1]\components\drivers\rtc\rtc.o
#        C:\Users\10217\Desktop\coolSrc\prj\Debug\Obj\rt-thread[5.0.1]\components\utilities\ymodem\ry_sy.o
#        C:\Users\10217\Desktop\coolSrc\prj\Debug\Obj\rt-thread[5.0.1]\src\scheduler_up.o
#        C:\Users\10217\Desktop\coolSrc\prj\Debug\Obj\rt-thread[5.0.1]\components\drivers\serial\serial.o
#        C:\Users\10217\Desktop\coolSrc\prj\Debug\Obj\rt-thread[5.0.1]\components\finsh\shell.o
#        C:\Users\10217\Desktop\coolSrc\prj\Debug\Obj\rt-thread[5.0.1]\libcpu\arm\showmem.o
#        C:\Users\10217\Desktop\coolSrc\prj\Debug\Obj\app\oam\smart\smart_analy.o
#        C:\Users\10217\Desktop\coolSrc\prj\Debug\Obj\app\oam\smart\smart_devget.o
#        C:\Users\10217\Desktop\coolSrc\prj\Debug\Obj\app\oam\smart\smart_devset.o
#        C:\Users\10217\Desktop\coolSrc\prj\Debug\Obj\app\oam\smart\smart_port.o
#        C:\Users\10217\Desktop\coolSrc\prj\Debug\Obj\bsp\libraries\CMSIS\startup_stm32u575xx.o
#        C:\Users\10217\Desktop\coolSrc\prj\Debug\Obj\bsp\libraries\STM32U5xx_HAL_Driver\src\stm32u5xx_hal.o
#        C:\Users\10217\Desktop\coolSrc\prj\Debug\Obj\bsp\libraries\STM32U5xx_HAL_Driver\src\stm32u5xx_hal_adc.o
#        C:\Users\10217\Desktop\coolSrc\prj\Debug\Obj\bsp\libraries\STM32U5xx_HAL_Driver\src\stm32u5xx_hal_adc_ex.o
#        C:\Users\10217\Desktop\coolSrc\prj\Debug\Obj\bsp\libraries\STM32U5xx_HAL_Driver\src\stm32u5xx_hal_comp.o
#        C:\Users\10217\Desktop\coolSrc\prj\Debug\Obj\bsp\libraries\STM32U5xx_HAL_Driver\src\stm32u5xx_hal_cordic.o
#        C:\Users\10217\Desktop\coolSrc\prj\Debug\Obj\bsp\libraries\STM32U5xx_HAL_Driver\src\stm32u5xx_hal_cortex.o
#        C:\Users\10217\Desktop\coolSrc\prj\Debug\Obj\bsp\libraries\STM32U5xx_HAL_Driver\src\stm32u5xx_hal_crc.o
#        C:\Users\10217\Desktop\coolSrc\prj\Debug\Obj\bsp\libraries\STM32U5xx_HAL_Driver\src\stm32u5xx_hal_crc_ex.o
#        C:\Users\10217\Desktop\coolSrc\prj\Debug\Obj\bsp\libraries\STM32U5xx_HAL_Driver\src\stm32u5xx_hal_cryp.o
#        C:\Users\10217\Desktop\coolSrc\prj\Debug\Obj\bsp\libraries\STM32U5xx_HAL_Driver\src\stm32u5xx_hal_cryp_ex.o
#        C:\Users\10217\Desktop\coolSrc\prj\Debug\Obj\bsp\libraries\STM32U5xx_HAL_Driver\src\stm32u5xx_hal_dac.o
#        C:\Users\10217\Desktop\coolSrc\prj\Debug\Obj\bsp\libraries\STM32U5xx_HAL_Driver\src\stm32u5xx_hal_dac_ex.o
#        C:\Users\10217\Desktop\coolSrc\prj\Debug\Obj\bsp\libraries\STM32U5xx_HAL_Driver\src\stm32u5xx_hal_dcache.o
#        C:\Users\10217\Desktop\coolSrc\prj\Debug\Obj\bsp\libraries\STM32U5xx_HAL_Driver\src\stm32u5xx_hal_dma.o
#        C:\Users\10217\Desktop\coolSrc\prj\Debug\Obj\bsp\libraries\STM32U5xx_HAL_Driver\src\stm32u5xx_hal_dma2d.o
#        C:\Users\10217\Desktop\coolSrc\prj\Debug\Obj\bsp\libraries\STM32U5xx_HAL_Driver\src\stm32u5xx_hal_dma_ex.o
#        C:\Users\10217\Desktop\coolSrc\prj\Debug\Obj\bsp\libraries\STM32U5xx_HAL_Driver\src\stm32u5xx_hal_exti.o
#        C:\Users\10217\Desktop\coolSrc\prj\Debug\Obj\bsp\libraries\STM32U5xx_HAL_Driver\src\stm32u5xx_hal_flash.o
#        C:\Users\10217\Desktop\coolSrc\prj\Debug\Obj\bsp\libraries\STM32U5xx_HAL_Driver\src\stm32u5xx_hal_flash_ex.o
#        C:\Users\10217\Desktop\coolSrc\prj\Debug\Obj\bsp\libraries\STM32U5xx_HAL_Driver\src\stm32u5xx_hal_gpio.o
#        C:\Users\10217\Desktop\coolSrc\prj\Debug\Obj\bsp\libraries\STM32U5xx_HAL_Driver\src\stm32u5xx_hal_gpu2d.o
#        C:\Users\10217\Desktop\coolSrc\prj\Debug\Obj\bsp\libraries\STM32U5xx_HAL_Driver\src\stm32u5xx_hal_gtzc.o
#        C:\Users\10217\Desktop\coolSrc\prj\Debug\Obj\bsp\libraries\STM32U5xx_HAL_Driver\src\stm32u5xx_hal_hash.o
#        C:\Users\10217\Desktop\coolSrc\prj\Debug\Obj\bsp\libraries\STM32U5xx_HAL_Driver\src\stm32u5xx_hal_hash_ex.o
#        C:\Users\10217\Desktop\coolSrc\prj\Debug\Obj\bsp\libraries\STM32U5xx_HAL_Driver\src\stm32u5xx_hal_hcd.o
#        C:\Users\10217\Desktop\coolSrc\prj\Debug\Obj\bsp\libraries\STM32U5xx_HAL_Driver\src\stm32u5xx_hal_i2c.o
#        C:\Users\10217\Desktop\coolSrc\prj\Debug\Obj\bsp\libraries\STM32U5xx_HAL_Driver\src\stm32u5xx_hal_i2c_ex.o
#        C:\Users\10217\Desktop\coolSrc\prj\Debug\Obj\bsp\libraries\STM32U5xx_HAL_Driver\src\stm32u5xx_hal_icache.o
#        C:\Users\10217\Desktop\coolSrc\prj\Debug\Obj\bsp\libraries\STM32U5xx_HAL_Driver\src\stm32u5xx_hal_iwdg.o
#        C:\Users\10217\Desktop\coolSrc\prj\Debug\Obj\bsp\libraries\STM32U5xx_HAL_Driver\src\stm32u5xx_hal_lptim.o
#        C:\Users\10217\Desktop\coolSrc\prj\Debug\Obj\bsp\libraries\STM32U5xx_HAL_Driver\src\stm32u5xx_hal_mdf.o
#        C:\Users\10217\Desktop\coolSrc\prj\Debug\Obj\bsp\drivers\stm32u5xx_hal_msp.o
#        C:\Users\10217\Desktop\coolSrc\prj\Debug\Obj\bsp\libraries\STM32U5xx_HAL_Driver\src\stm32u5xx_hal_opamp.o
#        C:\Users\10217\Desktop\coolSrc\prj\Debug\Obj\bsp\libraries\STM32U5xx_HAL_Driver\src\stm32u5xx_hal_opamp_ex.o
#        C:\Users\10217\Desktop\coolSrc\prj\Debug\Obj\bsp\libraries\STM32U5xx_HAL_Driver\src\stm32u5xx_hal_ospi.o
#        C:\Users\10217\Desktop\coolSrc\prj\Debug\Obj\bsp\libraries\STM32U5xx_HAL_Driver\src\stm32u5xx_hal_pwr.o
#        C:\Users\10217\Desktop\coolSrc\prj\Debug\Obj\bsp\libraries\STM32U5xx_HAL_Driver\src\stm32u5xx_hal_pwr_ex.o
#        C:\Users\10217\Desktop\coolSrc\prj\Debug\Obj\bsp\libraries\STM32U5xx_HAL_Driver\src\stm32u5xx_hal_rcc.o
#        C:\Users\10217\Desktop\coolSrc\prj\Debug\Obj\bsp\libraries\STM32U5xx_HAL_Driver\src\stm32u5xx_hal_rcc_ex.o
#        C:\Users\10217\Desktop\coolSrc\prj\Debug\Obj\bsp\libraries\STM32U5xx_HAL_Driver\src\stm32u5xx_hal_rng.o
#        C:\Users\10217\Desktop\coolSrc\prj\Debug\Obj\bsp\libraries\STM32U5xx_HAL_Driver\src\stm32u5xx_hal_rng_ex.o
#        C:\Users\10217\Desktop\coolSrc\prj\Debug\Obj\bsp\libraries\STM32U5xx_HAL_Driver\src\stm32u5xx_hal_rtc.o
#        C:\Users\10217\Desktop\coolSrc\prj\Debug\Obj\bsp\libraries\STM32U5xx_HAL_Driver\src\stm32u5xx_hal_rtc_ex.o
#        C:\Users\10217\Desktop\coolSrc\prj\Debug\Obj\bsp\libraries\STM32U5xx_HAL_Driver\src\stm32u5xx_hal_spi.o
#        C:\Users\10217\Desktop\coolSrc\prj\Debug\Obj\bsp\libraries\STM32U5xx_HAL_Driver\src\stm32u5xx_hal_spi_ex.o
#        C:\Users\10217\Desktop\coolSrc\prj\Debug\Obj\bsp\libraries\STM32U5xx_HAL_Driver\src\stm32u5xx_hal_sram.o
#        C:\Users\10217\Desktop\coolSrc\prj\Debug\Obj\bsp\libraries\STM32U5xx_HAL_Driver\src\stm32u5xx_hal_tim.o
#        C:\Users\10217\Desktop\coolSrc\prj\Debug\Obj\bsp\libraries\STM32U5xx_HAL_Driver\src\stm32u5xx_hal_tim_ex.o
#        C:\Users\10217\Desktop\coolSrc\prj\Debug\Obj\bsp\libraries\STM32U5xx_HAL_Driver\src\stm32u5xx_hal_tsc.o
#        C:\Users\10217\Desktop\coolSrc\prj\Debug\Obj\bsp\libraries\STM32U5xx_HAL_Driver\src\stm32u5xx_hal_uart.o
#        C:\Users\10217\Desktop\coolSrc\prj\Debug\Obj\bsp\libraries\STM32U5xx_HAL_Driver\src\stm32u5xx_hal_uart_ex.o
#        C:\Users\10217\Desktop\coolSrc\prj\Debug\Obj\bsp\libraries\STM32U5xx_HAL_Driver\src\stm32u5xx_hal_usart.o
#        C:\Users\10217\Desktop\coolSrc\prj\Debug\Obj\bsp\libraries\STM32U5xx_HAL_Driver\src\stm32u5xx_hal_usart_ex.o
#        C:\Users\10217\Desktop\coolSrc\prj\Debug\Obj\bsp\libraries\STM32U5xx_HAL_Driver\src\stm32u5xx_hal_wwdg.o
#        C:\Users\10217\Desktop\coolSrc\prj\Debug\Obj\rt-thread[5.0.1]\components\libc\dlib\syscall_close.o
#        C:\Users\10217\Desktop\coolSrc\prj\Debug\Obj\rt-thread[5.0.1]\libcpu\arm\syscall_iar.o
#        C:\Users\10217\Desktop\coolSrc\prj\Debug\Obj\rt-thread[5.0.1]\components\libc\dlib\syscall_lseek.o
#        C:\Users\10217\Desktop\coolSrc\prj\Debug\Obj\rt-thread[5.0.1]\components\libc\dlib\syscall_mem.o
#        C:\Users\10217\Desktop\coolSrc\prj\Debug\Obj\rt-thread[5.0.1]\components\libc\dlib\syscall_open.o
#        C:\Users\10217\Desktop\coolSrc\prj\Debug\Obj\rt-thread[5.0.1]\components\libc\dlib\syscall_read.o
#        C:\Users\10217\Desktop\coolSrc\prj\Debug\Obj\rt-thread[5.0.1]\components\libc\dlib\syscall_remove.o
#        C:\Users\10217\Desktop\coolSrc\prj\Debug\Obj\rt-thread[5.0.1]\components\libc\dlib\syscall_write.o
#        C:\Users\10217\Desktop\coolSrc\prj\Debug\Obj\rt-thread[5.0.1]\components\libc\dlib\syscalls.o
#        C:\Users\10217\Desktop\coolSrc\prj\Debug\Obj\rt-thread[5.0.1]\components\utilities\ulog\syslog.o
#        C:\Users\10217\Desktop\coolSrc\prj\Debug\Obj\bsp\libraries\CMSIS\system_stm32u5xx.o
#        C:\Users\10217\Desktop\coolSrc\prj\Debug\Obj\packages\syswatch\src\syswatch.o
#        C:\Users\10217\Desktop\coolSrc\prj\Debug\Obj\app\public\task_timer.o
#        C:\Users\10217\Desktop\coolSrc\prj\Debug\Obj\rt-thread[5.0.1]\src\thread.o
#        C:\Users\10217\Desktop\coolSrc\prj\Debug\Obj\rt-thread[5.0.1]\src\timer.o
#        C:\Users\10217\Desktop\coolSrc\prj\Debug\Obj\rt-thread[5.0.1]\libcpu\arm\trustzone.o
#        C:\Users\10217\Desktop\coolSrc\prj\Debug\Obj\app\system\uesim.o
#        C:\Users\10217\Desktop\coolSrc\prj\Debug\Obj\rt-thread[5.0.1]\components\dfs\filesystems\uffs\src\uffs\uffs_badblock.o
#        C:\Users\10217\Desktop\coolSrc\prj\Debug\Obj\rt-thread[5.0.1]\components\dfs\filesystems\uffs\src\uffs\uffs_blockinfo.o
#        C:\Users\10217\Desktop\coolSrc\prj\Debug\Obj\rt-thread[5.0.1]\components\dfs\filesystems\uffs\src\uffs\uffs_buf.o
#        C:\Users\10217\Desktop\coolSrc\prj\Debug\Obj\rt-thread[5.0.1]\components\dfs\filesystems\uffs\src\uffs\uffs_crc.o
#        C:\Users\10217\Desktop\coolSrc\prj\Debug\Obj\rt-thread[5.0.1]\components\dfs\filesystems\uffs\src\uffs\uffs_debug.o
#        C:\Users\10217\Desktop\coolSrc\prj\Debug\Obj\rt-thread[5.0.1]\components\dfs\filesystems\uffs\src\uffs\uffs_device.o
#        C:\Users\10217\Desktop\coolSrc\prj\Debug\Obj\rt-thread[5.0.1]\components\dfs\filesystems\uffs\src\uffs\uffs_ecc.o
#        C:\Users\10217\Desktop\coolSrc\prj\Debug\Obj\rt-thread[5.0.1]\components\dfs\filesystems\uffs\src\uffs\uffs_fd.o
#        C:\Users\10217\Desktop\coolSrc\prj\Debug\Obj\rt-thread[5.0.1]\components\dfs\filesystems\uffs\src\uffs\uffs_find.o
#        C:\Users\10217\Desktop\coolSrc\prj\Debug\Obj\rt-thread[5.0.1]\components\dfs\filesystems\uffs\src\uffs\uffs_flash.o
#        C:\Users\10217\Desktop\coolSrc\prj\Debug\Obj\rt-thread[5.0.1]\components\dfs\filesystems\uffs\storage\nor\uffs_flashif.o
#        C:\Users\10217\Desktop\coolSrc\prj\Debug\Obj\rt-thread[5.0.1]\components\dfs\filesystems\uffs\src\uffs\uffs_fs.o
#        C:\Users\10217\Desktop\coolSrc\prj\Debug\Obj\rt-thread[5.0.1]\components\dfs\filesystems\uffs\src\uffs\uffs_init.o
#        C:\Users\10217\Desktop\coolSrc\prj\Debug\Obj\rt-thread[5.0.1]\components\dfs\filesystems\uffs\src\uffs\uffs_mem.o
#        C:\Users\10217\Desktop\coolSrc\prj\Debug\Obj\rt-thread[5.0.1]\components\dfs\filesystems\uffs\src\uffs\uffs_mtb.o
#        C:\Users\10217\Desktop\coolSrc\prj\Debug\Obj\rt-thread[5.0.1]\components\dfs\filesystems\uffs\src\uffs\uffs_pool.o
#        C:\Users\10217\Desktop\coolSrc\prj\Debug\Obj\rt-thread[5.0.1]\components\dfs\filesystems\uffs\src\uffs\uffs_public.o
#        C:\Users\10217\Desktop\coolSrc\prj\Debug\Obj\rt-thread[5.0.1]\components\dfs\filesystems\uffs\storage\uffs_rtthread.o
#        C:\Users\10217\Desktop\coolSrc\prj\Debug\Obj\rt-thread[5.0.1]\components\dfs\filesystems\uffs\src\uffs\uffs_tree.o
#        C:\Users\10217\Desktop\coolSrc\prj\Debug\Obj\rt-thread[5.0.1]\components\dfs\filesystems\uffs\src\uffs\uffs_utils.o
#        C:\Users\10217\Desktop\coolSrc\prj\Debug\Obj\rt-thread[5.0.1]\components\dfs\filesystems\uffs\src\uffs\uffs_version.o
#        C:\Users\10217\Desktop\coolSrc\prj\Debug\Obj\rt-thread[5.0.1]\components\utilities\ulog\ulog.o
#        C:\Users\10217\Desktop\coolSrc\prj\Debug\Obj\app\system\upgrade.o
#        C:\Users\10217\Desktop\coolSrc\prj\Debug\Obj\app\public\ustrcrc.o
#        C:\Users\10217\Desktop\coolSrc\prj\Debug\Obj\app\public\ustring.o
#        C:\Users\10217\Desktop\coolSrc\prj\Debug\Obj\app\public\ustrmath.o
#        C:\Users\10217\Desktop\coolSrc\prj\Debug\Obj\rt-thread[5.0.1]\components\utilities\utest\utest.o
#        C:\Users\10217\Desktop\coolSrc\prj\Debug\Obj\app\hci\utest\utext_adc.o
#        C:\Users\10217\Desktop\coolSrc\prj\Debug\Obj\app\hci\utest\utext_bg77.o
#        C:\Users\10217\Desktop\coolSrc\prj\Debug\Obj\app\hci\utest\utext_ble.o
#        C:\Users\10217\Desktop\coolSrc\prj\Debug\Obj\app\hci\utest\utext_flash.o
#        C:\Users\10217\Desktop\coolSrc\prj\Debug\Obj\app\hci\utest\utext_led.o
#        C:\Users\10217\Desktop\coolSrc\prj\Debug\Obj\app\hci\utest\utext_lsm6d.o
#        C:\Users\10217\Desktop\coolSrc\prj\Debug\Obj\app\hci\utest\utext_wifi.o
#        C:\Users\10217\Desktop\coolSrc\prj\Debug\Obj\rt-thread[5.0.1]\components\drivers\ipc\waitqueue.o
#        C:\Users\10217\Desktop\coolSrc\prj\Debug\Obj\rt-thread[5.0.1]\components\drivers\ipc\workqueue.o
#        C:\Users\10217\Desktop\coolSrc\prj\Debug\Obj\rt-thread[5.0.1]\components\utilities\ymodem\ymodem.o
#        --no_out_extension -o
#        C:\Users\10217\Desktop\coolSrc\prj\Debug\Exe\DogCollar.out --map
#        C:\Users\10217\Desktop\coolSrc\prj\Debug\List\DogCollar.map --config
#        C:\Users\10217\Desktop\coolSrc\prj\..\bsp\ld\stm32u575xx_flash.icf
#        --semihosting --entry __iar_program_start --vfe --text_out locale)
#
###############################################################################

*******************************************************************************
*** RUNTIME MODEL ATTRIBUTES
***

CppFlavor       = *
__CPP_Runtime   = 1
__SystemLibrary = DLib
__dlib_version  = 6


*******************************************************************************
*** HEAP SELECTION
***

The basic heap was selected because no calls to memory allocation
functions were found in the application outside of system library
functions, and there are calls to deallocation functions in the
application.


*******************************************************************************
*** PLACEMENT SUMMARY
***

"A0":  place at address 0x802'0200 { ro section .intvec };
"P1":  place in [from 0x802'0200 to 0x81f'ffff] { ro };
define block CSTACK with size = 1K, alignment = 8 { };
define block HEAP with size = 512, alignment = 8 { };
"P2":  place in [from 0x2000'0000 to 0x200b'ffff] {
          rw, block CSTACK, block HEAP };
initialize by copy { rw };

  Section            Kind         Address      Size  Object
  -------            ----         -------      ----  ------
"A0":                                         0x238
  .intvec            ro code   0x802'0200     0x238  startup_stm32u575xx.o [17]
                             - 0x802'0438     0x238

"P1":                                      0x3'f198
  .text              ro code   0x802'0438    0x1c2c  stm32u5xx_hal_rcc_ex.o [18]
  .text              ro code   0x802'2064     0x120  drv_common.o [16]
  .text              ro code   0x802'2184    0x1084  stm32u5xx_hal_rcc.o [18]
  .text              ro code   0x802'3208     0x1c8  stm32u5xx_hal_cortex.o [18]
  .text              ro code   0x802'33d0      0x2c  irq.o [43]
  .text              ro code   0x802'33fc      0xac  clock.o [43]
  .text              ro code   0x802'34a8      0x2c  irq.o [43]
  .text              ro code   0x802'34d4     0x9f4  ulog.o [38]
  .text              ro code   0x802'3ec8     0x1a4  stm32u5xx_hal_pwr_ex.o [18]
  .text              ro code   0x802'406c     0x1a8  context_iar.o [42]
  .text              ro code   0x802'4214     0x7fc  thread.o [43]
  .text              ro code   0x802'4a10     0x394  scheduler_up.o [43]
  .text              ro code   0x802'4da4     0x6a0  timer.o [43]
  .text              ro code   0x802'5444     0x5dc  kservice.o [43]
  .text              ro code   0x802'5a20      0x18  irq.o [43]
  .text              ro code   0x802'5a38    0x15b8  ipc.o [43]
  .text              ro code   0x802'6ff0      0x44  console_be.o [39]
  .text              ro code   0x802'7034      0x4c  kservice.o [43]
  .text              ro code   0x802'7080      0xbc  ulog.o [38]
  .text              ro code   0x802'713c     0x198  ulog.o [38]
  .text              ro code   0x802'72d4      0x30  kservice.o [43]
  .text              ro code   0x802'7304      0x38  kservice.o [43]
  .text              ro code   0x802'733c      0x68  kservice.o [43]
  .text              ro code   0x802'73a4     0x152  iar_Stoulx.o [44]
  .text              ro code   0x802'74f6      0x1e  xsscin.o [44]
  .text              ro code   0x802'7514      0xa6  ABImemcpy.o [46]
  .text              ro code   0x802'75ba      0x1a  xsnprout.o [44]
  .text              ro code   0x802'75d4      0x78  trustzone.o [42]
  .text              ro code   0x802'764c     0x37c  cpuport.o [42]
  .text              ro code   0x802'79c8     0x130  idle.o [43]
  .text              ro code   0x802'7af8     0x2f8  object.o [43]
  .text              ro code   0x802'7df0       0x4  irq.o [43]
  .text              ro code   0x802'7df4      0x6a  kservice.o [43]
  .text              ro code   0x802'7e5e      0x14  memset.o [46]
  .text              ro code   0x802'7e72       0xa  xsprout.o [44]
  .text              ro code   0x802'7e7c     0x340  kservice.o [43]
  .text              ro code   0x802'81bc     0x2c4  device.o [43]
  .text              ro code   0x802'8480       0x2  kservice.o [43]
  .rodata            const     0x802'8482       0x2  alarm.o [33]
  .text              ro code   0x802'8484      0x3c  vsnprint.o [44]
  .text              ro code   0x802'84c0     0x154  ulog.o [38]
  .text              ro code   0x802'8614      0x98  ulog.o [38]
  .text              ro code   0x802'86ac     0x510  mem.o [43]
  .text              ro code   0x802'8bbc      0x14  isspace.o [44]
  .text              ro code   0x802'8bd0      0x14  tolower.o [44]
  .text              ro code   0x802'8be4      0x58  memchr.o [46]
  .text              ro code   0x802'8c3c     0xafc  cmd.o [35]
  .text              ro code   0x802'9738      0x10  cpuport.o [42]
  .text              ro code   0x802'9748     0xb6c  pm.o [32]
  .text              ro code   0x802'a2b4      0x66  ABImemset.o [46]
  .rodata            const     0x802'a31a       0x2  alarm.o [33]
  .text              ro code   0x802'a31c     0xf2e  xprintffull_nomb.o [44]
  .rodata            const     0x802'b24a       0x2  alarm.o [33]
  .text              ro code   0x802'b24c      0x4c  xlocale_c.o [44]
  .text              ro code   0x802'b298      0x12  strcmp.o [46]
  .rodata            const     0x802'b2aa       0x2  alarm.o [33]
  .text              ro code   0x802'b2ac     0x604  dfs.o [28]
  .text              ro code   0x802'b8b0       0x8  pm.o [32]
  .text              ro code   0x802'b8b8       0x8  pm.o [32]
  .text              ro code   0x802'b8c0      0x22  pm.o [32]
  .rodata            const     0x802'b8e2       0x2  alarm.o [33]
  .text              ro code   0x802'b8e4      0x70  pm.o [32]
  .text              ro code   0x802'b954      0x16  strchr.o [46]
  .rodata            const     0x802'b96a       0x2  alarm.o [33]
  .text              ro code   0x802'b96c      0x40  xfail_s.o [44]
  .text              ro code   0x802'b9ac      0x36  strlen.o [46]
  .rodata            const     0x802'b9e2       0x2  alarm.o [33]
  .text              ro code   0x802'b9e4      0x70  frexp.o [45]
  .text              ro code   0x802'ba54      0x34  DblCmpLe.o [45]
  .text              ro code   0x802'ba88      0x34  DblCmpGe.o [45]
  .text              ro code   0x802'babc     0x13a  ldexp.o [45]
  .rodata            const     0x802'bbf6       0x2  alarm.o [33]
  .text              ro code   0x802'bbf8      0x36  DblToS32.o [45]
  .rodata            const     0x802'bc2e       0x2  PPItems.o [15]
  .text              ro code   0x802'bc30      0x22  S32ToDbl.o [45]
  .rodata            const     0x802'bc52       0x2  PPItems.o [15]
  .text              ro code   0x802'bc54     0x25e  DblAddSub.o [45]
  .rodata            const     0x802'beb2       0x2  PPItems.o [15]
  .text              ro code   0x802'beb4     0x246  DblDiv.o [45]
  .rodata            const     0x802'c0fa       0x2  xlocale_c.o [44]
  .text              ro code   0x802'c0fc      0x22  DblToU32.o [45]
  .rodata            const     0x802'c11e       0x2  xlocale_c.o [44]
  .text              ro code   0x802'c120      0x1c  U32ToDbl.o [45]
  .text              ro code   0x802'c13c     0x1aa  DblMul.o [45]
  .rodata            const     0x802'c2e6       0x1  mx25uxx.o [16]
  .rodata            const     0x802'c2e7       0x1  mx25uxx.o [16]
  .text              ro code   0x802'c2e8     0x274  I64DivMod.o [46]
  .text              ro code   0x802'c55c     0xa90  dfs_file.o [28]
  .text              ro code   0x802'cfec      0x28  kservice.o [43]
  .text              ro code   0x802'd014      0x24  kservice.o [43]
  .text              ro code   0x802'd038      0xe8  lptimer.o [32]
  .text              ro code   0x802'd120       0x6  abort.o [44]
  .rodata            const     0x802'd126       0x1  mx25uxx.o [16]
  .rodata            const     0x802'd127       0x1  mx25uxx.o [16]
  .text              ro code   0x802'd128       0x2  I64DivZer.o [46]
  .rodata            const     0x802'd12a       0x1  mx25uxx.o [16]
  .rodata            const     0x802'd12b       0x1  mx25uxx.o [16]
  .text              ro code   0x802'd12c     0x590  dfs_fs.o [28]
  .text              ro code   0x802'd6bc     0x454  dfs_posix.o [28]
  .text              ro code   0x802'db10      0x1c  strrchr.o [44]
  .text              ro code   0x802'db2c       0x8  syscalls.o [37]
  .text              ro code   0x802'db34      0x28  strncmp.o [44]
  .text              ro code   0x802'db5c      0x34  cstdlib.o [36]
  .text              ro code   0x802'db90    0x15f6  uffs_fs.o [25]
  .rodata            const     0x802'f186       0x1  mx25uxx.o [16]
  .rodata            const     0x802'f187       0x1  xlocale_c.o [44]
  .text              ro code   0x802'f188     0x378  uffs_pool.o [25]
  .text              ro code   0x802'f500     0x30c  uffs_mtb.o [25]
  .text              ro code   0x802'f80c     0x486  uffs_public.o [25]
  .text              ro code   0x802'fc92    0x1034  uffs_tree.o [25]
  .text              ro code   0x803'0cc8    0x1386  uffs_buf.o [25]
  .text              ro code   0x803'2050      0x98  uffs_rtthread.o [26]
  .text              ro code   0x803'20e8     0x42e  uffs_badblock.o [25]
  .text              ro code   0x803'2516       0x6  uffs_debug.o [25]
  .text              ro code   0x803'251c     0x3f0  uffs_blockinfo.o [25]
  .text              ro code   0x803'290c     0x1a0  uffs_init.o [25]
  .text              ro code   0x803'2aac      0x40  uffs_crc.o [25]
  .text              ro code   0x803'2aec     0xc32  uffs_flash.o [25]
  .text              ro code   0x803'371e       0x8  uffs_device.o [25]
  .text              ro code   0x803'3728     0x384  uffs_ecc.o [25]
  .text              ro code   0x803'3aac    0x14f0  cJSON.o [19]
  .text              ro code   0x803'4f9c      0x3a  math_wrappers64.o [45]
  .text              ro code   0x803'4fd8      0x20  DblCmpEq.o [45]
  .text              ro code   0x803'4ff8      0x18  strcpy.o [46]
  .text              ro code   0x803'5010      0x40  sprintf.o [44]
  .text              ro code   0x803'5050      0x68  floor.o [45]
  .text              ro code   0x803'50b8      0xfc  asin64.o [45]
  .text              ro code   0x803'51b4     0x644  pow64.o [45]
  .text              ro code   0x803'57f8     0x3f4  cos_sin64.o [45]
  .text              ro code   0x803'5bec     0x102  sqrt.o [45]
  .text              ro code   0x803'5cf0     0x1d0  iar_Atan64.o [45]
  .text              ro code   0x803'5ec0     0x2d4  iar_Exp64.o [45]
  .text              ro code   0x803'6194    0x1332  stm32u5xx_hal_adc.o [18]
  .text              ro code   0x803'74c8     0x520  stm32u5xx_hal_msp.o [16]
  .text              ro code   0x803'79e8      0x5c  stm32u5xx_hal.o [18]
  .text              ro code   0x803'7a44     0x454  stm32u5xx_hal_gpio.o [18]
  .text              ro code   0x803'7e98     0x6a8  drv_gpio.o [16]
  .text              ro code   0x803'8540     0x4dc  pin.o [31]
  .text              ro code   0x803'8a1c      0x14  toupper.o [44]
  .text              ro code   0x803'8a30      0x28  strncat.o [44]
  .text              ro code   0x803'8a58      0x3c  msh_parse.o [35]
  .text              ro code   0x803'8a94       0xa  isdigit.o [44]
  .text              ro code   0x803'8aa0     0xe58  bg77.o [2]
  .text              ro code   0x803'98f8     0x398  bg77_cmd.o [2]
  .text              ro code   0x803'9c90      0x70  strncpy.o [46]
  .text              ro code   0x803'9d00     0x400  bg77_tcpip.o [2]
  .text              ro code   0x803'a100     0xdc0  bg77_mqtt.o [2]
  .text              ro code   0x803'aec0      0xe4  at.o [3]
  .text              ro code   0x803'afa4     0xa04  bg77_file.o [2]
  .text              ro code   0x803'b9a8     0x150  bg77_cart.o [2]
  .text              ro code   0x803'baf8     0x788  bg77_ftp.o [2]
  .text              ro code   0x803'c280     0x4c0  bg77_https.o [2]
  .text              ro code   0x803'c740     0x684  at_client.o [3]
  .text              ro code   0x803'cdc4      0x96  ABImemmove.o [46]
  .text              ro code   0x803'ce5c      0x68  memcmp.o [46]
  .text              ro code   0x803'cec4     0xcc8  smart_devset.o [13]
  .text              ro code   0x803'db8c     0x5a0  smart_analy.o [13]
  .text              ro code   0x803'e12c     0x368  PPItems.o [15]
  .text              ro code   0x803'e494      0x28  sscanf.o [44]
  .text              ro code   0x803'e4bc     0x498  rtc.o [33]
  .text              ro code   0x803'e954     0x270  syswatch.o [23]
  .text              ro code   0x803'ebc4     0x56c  upgrade.o [15]
  .text              ro code   0x803'f130      0x48  drv_rng.o [16]
  .text              ro code   0x803'f178      0x44  snprintf.o [44]
  .text              ro code   0x803'f1bc     0x6ac  xscanfsmall_nomb.o [44]
  .text              ro code   0x803'f868     0x620  ctime.o [36]
  .text              ro code   0x803'fe88     0x4e8  mx25uxx.o [16]
  .text              ro code   0x804'0370     0x48c  app_misc.o [6]
  .text              ro code   0x804'07fc     0x234  stm32u5xx_hal_rng.o [18]
  .text              ro code   0x804'0a30      0x90  iar_Stolx.o [44]
  .text              ro code   0x804'0ac0     0x81e  stm32u5xx_hal_spi.o [18]
  .text              ro code   0x804'12de      0x2c  strstr.o [44]
  .text              ro code   0x804'130c      0x60  ustring.o [14]
  .text              ro code   0x804'136c       0x2  stm32u5xx_hal_rng.o [18]
  .text              ro code   0x804'1370     0xb4c  esp.o [4]
  .text              ro code   0x804'1ebc     0x8ec  esp_cmd.o [4]
  .text              ro code   0x804'27a8     0x31c  esp_tcpip.o [4]
  .text              ro code   0x804'2ac4     0x9dc  esp_mqtt.o [4]
  .text              ro code   0x804'34a0     0x3a8  esp_https.o [4]
  .text              ro code   0x804'3848     0x600  esp_bt.o [4]
  .text              ro code   0x804'3e48     0x964  msh_file.o [35]
  .text              ro code   0x804'47ac     0x53c  msh.o [35]
  .text              ro code   0x804'4ce8      0x20  kservice.o [43]
  .text              ro code   0x804'4d08      0x1e  strcat.o [44]
  .text              ro code   0x804'4d28       0x6  ABImemclr4.o [46]
  .text              ro code   0x804'4d30      0x32  ABImemset48.o [46]
  .text              ro code   0x804'4d64     0x86c  uffs_fd.o [25]
  .text              ro code   0x804'55d0     0x174  uffs_utils.o [25]
  .text              ro code   0x804'5744     0x342  uffs_find.o [25]
  .text              ro code   0x804'5a88     0x868  ymodem.o [41]
  .text              ro code   0x804'62f0     0x800  alarm.o [33]
  .text              ro code   0x804'6af0     0x7e8  shell.o [35]
  .text              ro code   0x804'72d8     0x778  dfs_uffs.o [27]
  .text              ro code   0x804'7a50     0x1b6  uffs_flashif.o [27]
  .text              ro code   0x804'7c08     0x75c  stm32u5xx_hal_uart.o [18]
  .text              ro code   0x804'8364     0x10c  stm32u5xx_hal_dma_ex.o [18]
  .text              ro code   0x804'8470      0xa6  stm32u5xx_hal_dma.o [18]
  .text              ro code   0x804'8516       0x2  stm32u5xx_hal_uart.o [18]
  .text              ro code   0x804'8518       0x2  stm32u5xx_hal_uart.o [18]
  .text              ro code   0x804'851a       0x2  stm32u5xx_hal_uart.o [18]
  .text              ro code   0x804'851c     0x74c  stm32u5xx_hal_rtc.o [18]
  .text              ro code   0x804'8c68     0x454  drv_rtc.o [16]
  .text              ro code   0x804'90bc       0x2  stm32u5xx_hal_rtc_ex.o [18]
  .text              ro code   0x804'90c0      0x18  stm32u5xx_hal_rtc_ex.o [18]
  .text              ro code   0x804'90d8      0x50  stm32u5xx_hal_pwr.o [18]
  .text              ro code   0x804'9128     0x6ec  serial.o [34]
  .text              ro code   0x804'9814     0x220  completion.o [30]
  .text              ro code   0x804'9a34     0x6b4  utest.o [40]
  .text              ro code   0x804'a0e8     0x5d0  smart_devget.o [13]
  .text              ro code   0x804'a6b8     0x550  ittes_main.o [7]
  .text              ro code   0x804'ac08     0x4dc  msh_lan.o [8]
  .text              ro code   0x804'b0e4      0x1a  ustrcrc.o [14]
  .text              ro code   0x804'b100     0x21c  lan.o [11]
  .text              ro code   0x804'b31c     0x290  lan_set.o [11]
  .text              ro code   0x804'b5ac     0x2ec  lan_get.o [11]
  .text              ro code   0x804'b898     0x13c  oam_thread.o [10]
  .text              ro code   0x804'b9d4     0x108  oam_port.o [10]
  .text              ro code   0x804'badc      0x32  ctime.o [36]
  .text              ro code   0x804'bb0e     0x134  task_timer.o [14]
  .text              ro code   0x804'bc44      0x70  pit.o [15]
  .text              ro code   0x804'bcb4     0x400  smart_port.o [13]
  .text              ro code   0x804'c0b4     0x354  quectel_client.o [12]
  .text              ro code   0x804'c408      0xe8  esp_btser.o [12]
  .text              ro code   0x804'c4f0     0x4d4  i2c-bit-ops.o [29]
  .text              ro code   0x804'c9c4     0x168  i2c_core.o [29]
  .text              ro code   0x804'cb2c     0x150  i2c_dev.o [29]
  .text              ro code   0x804'cc7c     0x49c  stm32u5xx_hal_lptim.o [18]
  .text              ro code   0x804'd118       0x2  stm32u5xx_hal_lptim.o [18]
  .text              ro code   0x804'd11a       0x2  stm32u5xx_hal_lptim.o [18]
  .text              ro code   0x804'd11c     0x144  drv_lptim.o [16]
  .text              ro code   0x804'd260       0x2  stm32u5xx_hal_lptim.o [18]
  .text              ro code   0x804'd262       0x2  stm32u5xx_hal_lptim.o [18]
  .text              ro code   0x804'd264       0x2  stm32u5xx_hal_lptim.o [18]
  .text              ro code   0x804'd266       0x2  stm32u5xx_hal_lptim.o [18]
  .text              ro code   0x804'd268       0x2  stm32u5xx_hal_lptim.o [18]
  .text              ro code   0x804'd26a       0x2  stm32u5xx_hal_lptim.o [18]
  .text              ro code   0x804'd26c       0x2  stm32u5xx_hal_lptim.o [18]
  .text              ro code   0x804'd26e       0x2  stm32u5xx_hal_lptim.o [18]
  .text              ro code   0x804'd270       0x2  stm32u5xx_hal_lptim.o [18]
  .text              ro code   0x804'd274     0x468  adc.o [31]
  .text              ro code   0x804'd6dc     0x460  qled.o [22]
  .text              ro code   0x804'db3c     0x45c  drv_usart.o [16]
  .rodata            const     0x804'df98     0x420  pow64.o [45]
  .text              ro code   0x804'e3b8     0x408  msh_bg77.o [8]
  .text              ro code   0x804'e7c0     0x1bc  business.o [5]
  .text              ro code   0x804'e97c      0x62  round.o [45]
  .text              ro code   0x804'e9e0     0x3f0  drv_adc.o [16]
  .text              ro code   0x804'edd0     0x230  stm32u5xx_hal_adc_ex.o [18]
  .text              ro code   0x804'f000     0x3a8  ry_sy.o [41]
  .text              ro code   0x804'f3a8     0x394  board.o [16]
  .text              ro code   0x804'f73c     0x380  msh_show.o [8]
  FSymTab                      0x804'fabc     0x318  <Block>
    FSymTab          const     0x804'fabc       0xc  adc.o [31]
    FSymTab          const     0x804'fac8       0xc  alarm.o [33]
    FSymTab          const     0x804'fad4       0xc  app_ulog.o [6]
    FSymTab          const     0x804'fae0       0xc  bg77.o [2]
    FSymTab          const     0x804'faec       0xc  cmd.o [35]
    FSymTab          const     0x804'faf8       0xc  cmd.o [35]
    FSymTab          const     0x804'fb04       0xc  cmd.o [35]
    FSymTab          const     0x804'fb10       0xc  esp.o [4]
    FSymTab          const     0x804'fb1c       0xc  i2c_tools.o [21]
    FSymTab          const     0x804'fb28       0xc  ittes_main.o [7]
    FSymTab          const     0x804'fb34       0xc  lptimer.o [32]
    FSymTab          const     0x804'fb40       0xc  msh.o [35]
    FSymTab          const     0x804'fb4c       0xc  msh.o [35]
    FSymTab          const     0x804'fb58       0xc  msh.o [35]
    FSymTab          const     0x804'fb64       0xc  msh_bg77.o [8]
    FSymTab          const     0x804'fb70       0xc  msh_board.o [8]
    FSymTab          const     0x804'fb7c       0xc  msh_config.o [8]
    FSymTab          const     0x804'fb88       0xc  msh_debug.o [8]
    FSymTab          const     0x804'fb94       0xc  msh_esp32.o [8]
    FSymTab          const     0x804'fba0       0xc  msh_file.o [35]
    FSymTab          const     0x804'fbac       0xc  msh_file.o [35]
    FSymTab          const     0x804'fbb8       0xc  msh_file.o [35]
    FSymTab          const     0x804'fbc4       0xc  msh_file.o [35]
    FSymTab          const     0x804'fbd0       0xc  msh_file.o [35]
    FSymTab          const     0x804'fbdc       0xc  msh_file.o [35]
    FSymTab          const     0x804'fbe8       0xc  msh_file.o [35]
    FSymTab          const     0x804'fbf4       0xc  msh_file.o [35]
    FSymTab          const     0x804'fc00       0xc  msh_file.o [35]
    FSymTab          const     0x804'fc0c       0xc  msh_file.o [35]
    FSymTab          const     0x804'fc18       0xc  msh_file.o [35]
    FSymTab          const     0x804'fc24       0xc  msh_file.o [35]
    FSymTab          const     0x804'fc30       0xc  msh_file.o [35]
    FSymTab          const     0x804'fc3c       0xc  msh_file.o [35]
    FSymTab          const     0x804'fc48       0xc  msh_lan.o [8]
    FSymTab          const     0x804'fc54       0xc  msh_led.o [8]
    FSymTab          const     0x804'fc60       0xc  msh_pm.o [8]
    FSymTab          const     0x804'fc6c       0xc  msh_show.o [8]
    FSymTab          const     0x804'fc78       0xc  msh_smart.o [8]
    FSymTab          const     0x804'fc84       0xc  msh_system.o [8]
    FSymTab          const     0x804'fc90       0xc  pin.o [31]
    FSymTab          const     0x804'fc9c       0xc  pm.o [32]
    FSymTab          const     0x804'fca8       0xc  pm.o [32]
    FSymTab          const     0x804'fcb4       0xc  pm.o [32]
    FSymTab          const     0x804'fcc0       0xc  pm.o [32]
    FSymTab          const     0x804'fccc       0xc  pm.o [32]
    FSymTab          const     0x804'fcd8       0xc  pm.o [32]
    FSymTab          const     0x804'fce4       0xc  pm.o [32]
    FSymTab          const     0x804'fcf0       0xc  pm.o [32]
    FSymTab          const     0x804'fcfc       0xc  pm.o [32]
    FSymTab          const     0x804'fd08       0xc  pm.o [32]
    FSymTab          const     0x804'fd14       0xc  pm.o [32]
    FSymTab          const     0x804'fd20       0xc  pm.o [32]
    FSymTab          const     0x804'fd2c       0xc  qled_sample.o [22]
    FSymTab          const     0x804'fd38       0xc  rtc.o [33]
    FSymTab          const     0x804'fd44       0xc  ry_sy.o [41]
    FSymTab          const     0x804'fd50       0xc  ry_sy.o [41]
    FSymTab          const     0x804'fd5c       0xc  syswatch.o [23]
    FSymTab          const     0x804'fd68       0xc  ulog.o [38]
    FSymTab          const     0x804'fd74       0xc  ulog.o [38]
    FSymTab          const     0x804'fd80       0xc  ulog.o [38]
    FSymTab          const     0x804'fd8c       0xc  ulog.o [38]
    FSymTab          const     0x804'fd98       0xc  ulog.o [38]
    FSymTab          const     0x804'fda4       0xc  ulog.o [38]
    FSymTab          const     0x804'fdb0       0xc  upgrade.o [15]
    FSymTab          const     0x804'fdbc       0xc  utest.o [40]
    FSymTab          const     0x804'fdc8       0xc  utest.o [40]
  .text              ro code   0x804'fdd4     0x2ac  adc_thread.o [5]
  .text              ro code   0x805'0080      0x48  FltToDbl.o [45]
  .text              ro code   0x805'00c8     0x26c  msh_smart.o [8]
  .text              ro code   0x805'0334     0x220  drv_pm.o [16]
  .rodata            const     0x805'0554     0x210  PPItems.o [15]
  .rodata            const     0x805'0764     0x200  uffs_crc.o [25]
  .text              ro code   0x805'0964     0x200  esp_client.o [12]
  .text              ro code   0x805'0b64     0x1f0  drv_flash_u5.o [16]
  .text              ro code   0x805'0d54     0x170  stm32u5xx_hal_flash.o [18]
  .text              ro code   0x805'0ec4      0xfc  stm32u5xx_hal_flash_ex.o [18]
  .text              ro code   0x805'0fc0     0x1d8  msh_board.o [8]
  .text              ro code   0x805'1198     0x1b0  i2c_utils.o [21]
  .text              ro code   0x805'1348     0x1ac  msh_pm.o [8]
  .text              ro code   0x805'14f4     0x1aa  app_ulog.o [6]
  .rodata            const     0x805'16a0     0x1a4  msh_smart.o [8]
  .text              ro code   0x805'1844     0x188  workqueue.o [30]
  .text              ro code   0x805'19cc     0x168  drv_soft_i2c.o [16]
  .rodata            const     0x805'1b34     0x15c  msh_smart.o [8]
  .text              ro code   0x805'1c90     0x144  msh_led.o [8]
  .text              ro code   0x805'1dd4     0x140  i2c_tools.o [21]
  .rodata            const     0x805'1f14     0x12c  msh_smart.o [8]
  .rodata            const     0x805'2040     0x12c  msh_smart.o [8]
  .rodata            const     0x805'216c     0x120  msh_smart.o [8]
  .rodata            const     0x805'228c     0x118  msh_smart.o [8]
  .rodata            const     0x805'23a4     0x114  ittes_main.o [7]
  .rodata            const     0x805'24b8     0x110  msh_smart.o [8]
  .rodata            const     0x805'25c8     0x10c  msh_smart.o [8]
  .rodata            const     0x805'26d4     0x10c  msh_smart.o [8]
  .rodata            const     0x805'27e0     0x108  msh_lan.o [8]
  .rodata            const     0x805'28e8     0x108  msh_smart.o [8]
  .rodata            const     0x805'29f0     0x104  msh_smart.o [8]
  .rodata            const     0x805'2af4     0x100  esp_cmd.o [4]
  .rodata            const     0x805'2bf4     0x100  esp_cmd.o [4]
  .rodata            const     0x805'2cf4     0x100  uffs_ecc.o [25]
  .rodata            const     0x805'2df4     0x100  uffs_ecc.o [25]
  .rodata            const     0x805'2ef4      0xf0  msh_smart.o [8]
  .rodata            const     0x805'2fe4      0xf0  msh_smart.o [8]
  .rodata            const     0x805'30d4      0xec  msh_smart.o [8]
  .rodata            const     0x805'31c0      0xec  msh_smart.o [8]
  .rodata            const     0x805'32ac      0xec  msh_smart.o [8]
  .rodata            const     0x805'3398      0xec  msh_smart.o [8]
  .rodata            const     0x805'3484      0xe8  msh_smart.o [8]
  .text              ro code   0x805'356c      0xe8  reg_edit.o [15]
  .text              ro code   0x805'3654      0xca  components.o [43]
  .text              ro code   0x805'3720      0x28  data_init.o [46]
  .text              ro code   0x805'3748      0x7e  main.o [1]
  .text              ro code   0x805'37c8      0x38  drv_common.o [16]
  .text              ro code   0x805'3800      0x10  drv_common.o [16]
  .text              ro code   0x805'3810      0x48  kservice.o [43]
  .text              ro code   0x805'3858      0xa8  msh_debug.o [8]
  .text              ro code   0x805'3900      0xa8  msh_esp32.o [8]
  .rodata            const     0x805'39a8      0x90  smart_devset.o [13]
  UtestTcTab                   0x805'3a38      0x8c  <Block>
    UtestTcTab       const     0x805'3a38      0x14  utext_adc.o [9]
    UtestTcTab       const     0x805'3a4c      0x14  utext_bg77.o [9]
    UtestTcTab       const     0x805'3a60      0x14  utext_ble.o [9]
    UtestTcTab       const     0x805'3a74      0x14  utext_flash.o [9]
    UtestTcTab       const     0x805'3a88      0x14  utext_led.o [9]
    UtestTcTab       const     0x805'3a9c      0x14  utext_lsm6d.o [9]
    UtestTcTab       const     0x805'3ab0      0x14  utext_wifi.o [9]
  .rodata            const     0x805'3ac4      0x80  esp_bt.o [4]
  .rodata            const     0x805'3b44      0x80  esp_bt.o [4]
  .rodata            const     0x805'3bc4      0x80  esp_bt.o [4]
  .rodata            const     0x805'3c44      0x80  esp_cmd.o [4]
  .rodata            const     0x805'3cc4      0x80  esp_cmd.o [4]
  .rodata            const     0x805'3d44      0x80  esp_cmd.o [4]
  .rodata            const     0x805'3dc4      0x80  msh_bg77.o [8]
  .rodata            const     0x805'3e44      0x80  stm32u5xx_hal_gpio.o [18]
  .rodata            const     0x805'3ec4      0x7c  cmd.o [35]
  .text              ro code   0x805'3f40      0x7c  app_gpio.o [6]
  .rodata            const     0x805'3fbc      0x78  msh_esp32.o [8]
  .rodata            const     0x805'4034      0x78  msh_led.o [8]
  .text              ro code   0x805'40ac      0x78  lz77_init_single.o [46]
  .rodata            const     0x805'4124      0x74  mem.o [43]
  .rodata            const     0x805'4198      0x70  pin.o [31]
  .rodata            const     0x805'4208      0x70  uffs_flash.o [25]
  .rodata            const     0x805'4278      0x70  uffs_init.o [25]
  .rodata            const     0x805'42e8      0x70  uffs_pool.o [25]
  .rodata            const     0x805'4358      0x70  uffs_public.o [25]
  .rodata            const     0x805'43c8      0x6c  uffs_buf.o [25]
  .rodata            const     0x805'4434      0x6c  uffs_fs.o [25]
  .text              ro code   0x805'44a0      0x6c  system_stm32u5xx.o [17]
  .rodata            const     0x805'450c      0x64  pin.o [31]
  .rodata            const     0x805'4570      0x64  serial.o [34]
  .text              ro code   0x805'45d4      0x64  qled_sample.o [22]
  .rodata            const     0x805'4638      0x60  lan_set.o [11]
  .text              ro code   0x805'4698      0x60  msh_config.o [8]
  .text              ro code   0x805'46f8      0x60  utext_flash.o [9]
  .rodata            const     0x805'4758      0x5c  uffs_buf.o [25]
  .rodata            const     0x805'47b4      0x58  bg77_mqtt.o [2]
  .rodata            const     0x805'480c      0x58  lan_get.o [11]
  .rodata            const     0x805'4864      0x54  utest.o [40]
  .rodata            const     0x805'48b8      0x50  bg77.o [2]
  .rodata            const     0x805'4908      0x50  esp.o [4]
  .rodata            const     0x805'4958      0x50  mem.o [43]
  .rodata            const     0x805'49a8      0x50  mem.o [43]
  .rodata            const     0x805'49f8      0x50  uffs_buf.o [25]
  .rodata            const     0x805'4a48      0x50  iar_Stoulx.o [44]
  .rodata            const     0x805'4a98      0x4c  mem.o [43]
  .rodata            const     0x805'4ae4      0x4c  utest.o [40]
  .rodata            const     0x805'4b30      0x48  alarm.o [33]
  .rodata            const     0x805'4b78      0x48  at_client.o [3]
  .rodata            const     0x805'4bc0      0x48  cmd.o [35]
  .rodata            const     0x805'4c08      0x48  ctime.o [36]
  .rodata            const     0x805'4c50      0x48  ipc.o [43]
  .rodata            const     0x805'4c98      0x48  ipc.o [43]
  .rodata            const     0x805'4ce0      0x48  mem.o [43]
  .rodata            const     0x805'4d28      0x48  pin.o [31]
  .rodata.name       const     0x805'4d70      0x48  rtc.o [33]
  .text              ro code   0x805'4db8      0x48  utext_adc.o [9]
  .text              ro code   0x805'4e00      0x48  utext_bg77.o [9]
  .text              ro code   0x805'4e48      0x48  utext_ble.o [9]
  .text              ro code   0x805'4e90      0x48  utext_led.o [9]
  .text              ro code   0x805'4ed8      0x48  utext_lsm6d.o [9]
  .text              ro code   0x805'4f20      0x48  utext_wifi.o [9]
  .rodata            const     0x805'4f68      0x44  app_misc.o [6]
  .rodata            const     0x805'4fac      0x44  bg77_ftp.o [2]
  .rodata            const     0x805'4ff0      0x44  drv_rtc.o [16]
  .rodata            const     0x805'5034      0x44  ipc.o [43]
  .rodata            const     0x805'5078      0x44  ipc.o [43]
  .rodata            const     0x805'50bc      0x44  thread.o [43]
  .rodata            const     0x805'5100      0x44  thread.o [43]
  .rodata            const     0x805'5144      0x44  utest.o [40]
  .rodata            const     0x805'5188      0x44  utest.o [40]
  .text              ro code   0x805'51cc      0x44  msh_system.o [8]
  .rodata            const     0x805'5210      0x40  cmd.o [35]
  .rodata            const     0x805'5250      0x40  drv_gpio.o [16]
  .rodata            const     0x805'5290      0x40  esp_cmd.o [4]
  .rodata            const     0x805'52d0      0x40  esp_cmd.o [4]
  .rodata            const     0x805'5310      0x40  ipc.o [43]
  .rodata            const     0x805'5350      0x40  msh_lan.o [8]
  .rodata            const     0x805'5390      0x40  msh_pm.o [8]
  .rodata            const     0x805'53d0      0x40  pin.o [31]
  .rodata            const     0x805'5410      0x40  stm32u5xx_hal_msp.o [16]
  .rodata            const     0x805'5450      0x40  system_stm32u5xx.o [17]
  .rodata            const     0x805'5490      0x40  upgrade.o [15]
  .rodata            const     0x805'54d0      0x40  upgrade.o [15]
  .rodata            const     0x805'5510      0x40  iar_Atan64.o [45]
  .rodata.name       const     0x805'5550      0x40  ry_sy.o [41]
  .rodata            const     0x805'5590      0x3c  adc.o [31]
  .rodata            const     0x805'55cc      0x3c  device.o [43]
  .rodata            const     0x805'5608      0x3c  dfs.o [28]
  .rodata            const     0x805'5644      0x3c  drv_soft_i2c.o [16]
  .rodata            const     0x805'5680      0x3c  esp.o [4]
  .rodata            const     0x805'56bc      0x3c  i2c_utils.o [21]
  .rodata            const     0x805'56f8      0x3c  ipc.o [43]
  .rodata            const     0x805'5734      0x3c  lptimer.o [32]
  .rodata            const     0x805'5770      0x3c  lptimer.o [32]
  .rodata            const     0x805'57ac      0x3c  mem.o [43]
  .rodata            const     0x805'57e8      0x3c  mem.o [43]
  .rodata            const     0x805'5824      0x3c  msh_file.o [35]
  .rodata            const     0x805'5860      0x3c  rtc.o [33]
  .rodata            const     0x805'589c      0x3c  thread.o [43]
  .rodata            const     0x805'58d8      0x3c  timer.o [43]
  .rodata            const     0x805'5914      0x3c  utest.o [40]
  .rodata            const     0x805'5950      0x3c  utest.o [40]
  .rodata            const     0x805'598c      0x3c  utest.o [40]
  .rodata            const     0x805'59c8      0x3c  utext_adc.o [9]
  .rodata            const     0x805'5a04      0x3c  utext_bg77.o [9]
  .rodata            const     0x805'5a40      0x3c  utext_ble.o [9]
  .rodata            const     0x805'5a7c      0x3c  utext_flash.o [9]
  .rodata            const     0x805'5ab8      0x3c  utext_led.o [9]
  .rodata            const     0x805'5af4      0x3c  utext_lsm6d.o [9]
  .rodata            const     0x805'5b30      0x3c  utext_wifi.o [9]
  .rodata.name       const     0x805'5b6c      0x3c  ry_sy.o [41]
  .rodata            const     0x805'5ba8      0x38  adc.o [31]
  .rodata            const     0x805'5be0      0x38  bg77_ftp.o [2]
  .rodata            const     0x805'5c18      0x38  completion.o [30]
  .rodata            const     0x805'5c50      0x38  device.o [43]
  .rodata            const     0x805'5c88      0x38  dfs_fs.o [28]
  .rodata            const     0x805'5cc0      0x38  dfs_fs.o [28]
  .rodata            const     0x805'5cf8      0x38  dfs_fs.o [28]
  .rodata            const     0x805'5d30      0x38  drv_rng.o [16]
  .rodata            const     0x805'5d68      0x38  i2c_utils.o [21]
  .rodata            const     0x805'5da0      0x38  ipc.o [43]
  .rodata            const     0x805'5dd8      0x38  kservice.o [43]
  .rodata            const     0x805'5e10      0x38  mem.o [43]
  .rodata            const     0x805'5e48      0x38  mem.o [43]
  .rodata            const     0x805'5e80      0x38  mem.o [43]
  .rodata            const     0x805'5eb8      0x38  mem.o [43]
  .rodata            const     0x805'5ef0      0x38  msh_file.o [35]
  .rodata            const     0x805'5f28      0x38  msh_file.o [35]
  .rodata            const     0x805'5f60      0x38  scheduler_up.o [43]
  .rodata            const     0x805'5f98      0x38  syswatch.o [23]
  .rodata            const     0x805'5fd0      0x38  thread.o [43]
  .rodata            const     0x805'6008      0x38  thread.o [43]
  .rodata            const     0x805'6040      0x38  uffs_buf.o [25]
  .rodata            const     0x805'6078      0x38  upgrade.o [15]
  .rodata.name       const     0x805'60b0      0x38  utest.o [40]
  .text              ro code   0x805'60e8      0x38  syscall_iar.o [42]
  .text              ro code   0x805'6120      0x38  zero_init3.o [46]
  .rodata            const     0x805'6158      0x34  app_misc.o [6]
  .rodata            const     0x805'618c      0x34  bg77.o [2]
  .rodata            const     0x805'61c0      0x34  board.o [16]
  .rodata            const     0x805'61f4      0x34  cmd.o [35]
  .rodata            const     0x805'6228      0x34  ctime.o [36]
  .rodata            const     0x805'625c      0x34  dfs_fs.o [28]
  .rodata            const     0x805'6290      0x34  drv_flash_u5.o [16]
  .rodata            const     0x805'62c4      0x34  drv_flash_u5.o [16]
  .rodata            const     0x805'62f8      0x34  esp.o [4]
  .rodata            const     0x805'632c      0x34  esp_https.o [4]
  .rodata            const     0x805'6360      0x34  msh_pm.o [8]
  .rodata            const     0x805'6394      0x34  upgrade.o [15]
  .rodata            const     0x805'63c8      0x34  upgrade.o [15]
  .rodata            const     0x805'63fc      0x34  utest.o [40]
  .rodata.name       const     0x805'6430      0x34  msh_file.o [35]
  .rodata            const     0x805'6464      0x30  adc.o [31]
  .rodata            const     0x805'6494      0x30  adc.o [31]
  .rodata            const     0x805'64c4      0x30  adc.o [31]
  .rodata            const     0x805'64f4      0x30  adc.o [31]
  .rodata            const     0x805'6524      0x30  adc.o [31]
  .rodata            const     0x805'6554      0x30  adc.o [31]
  .rodata            const     0x805'6584      0x30  adc.o [31]
  .rodata            const     0x805'65b4      0x30  adc.o [31]
  .rodata            const     0x805'65e4      0x30  at_client.o [3]
  .rodata            const     0x805'6614      0x30  cmd.o [35]
  .rodata            const     0x805'6644      0x30  cmd.o [35]
  .rodata            const     0x805'6674      0x30  completion.o [30]
  .rodata            const     0x805'66a4      0x30  dfs_file.o [28]
  .rodata            const     0x805'66d4      0x30  dfs_file.o [28]
  .rodata            const     0x805'6704      0x30  dfs_uffs.o [27]
  .rodata            const     0x805'6734      0x30  esp_https.o [4]
  .rodata            const     0x805'6764      0x30  esp_mqtt.o [4]
  .rodata            const     0x805'6794      0x30  i2c_utils.o [21]
  .rodata            const     0x805'67c4      0x30  ipc.o [43]
  .rodata            const     0x805'67f4      0x30  lan.o [11]
  .rodata            const     0x805'6824      0x30  mem.o [43]
  .rodata            const     0x805'6854      0x30  mem.o [43]
  .rodata            const     0x805'6884      0x30  mem.o [43]
  .rodata            const     0x805'68b4      0x30  msh_file.o [35]
  .rodata            const     0x805'68e4      0x30  msh_file.o [35]
  .rodata            const     0x805'6914      0x30  pm.o [32]
  .rodata            const     0x805'6944      0x30  pm.o [32]
  .rodata            const     0x805'6974      0x30  PPItems.o [15]
  .rodata            const     0x805'69a4      0x30  quectel_client.o [12]
  .rodata            const     0x805'69d4      0x30  thread.o [43]
  .rodata            const     0x805'6a04      0x30  uffs_fs.o [25]
  .rodata            const     0x805'6a34      0x30  ulog.o [38]
  .rodata            const     0x805'6a64      0x30  ulog.o [38]
  .rodata            const     0x805'6a94      0x30  upgrade.o [15]
  .rodata            const     0x805'6ac4      0x30  upgrade.o [15]
  .rodata            const     0x805'6af4      0x30  utest.o [40]
  .rodata.name       const     0x805'6b24      0x30  msh_file.o [35]
  .rodata            const     0x805'6b54      0x2c  adc.o [31]
  .rodata            const     0x805'6b80      0x2c  alarm.o [33]
  .rodata            const     0x805'6bac      0x2c  bg77.o [2]
  .rodata            const     0x805'6bd8      0x2c  bg77.o [2]
  .rodata            const     0x805'6c04      0x2c  bg77_file.o [2]
  .rodata            const     0x805'6c30      0x2c  bg77_file.o [2]
  .rodata            const     0x805'6c5c      0x2c  bg77_https.o [2]
  .rodata            const     0x805'6c88      0x2c  bg77_https.o [2]
  .rodata            const     0x805'6cb4      0x2c  bg77_https.o [2]
  .rodata            const     0x805'6ce0      0x2c  bg77_mqtt.o [2]
  .rodata            const     0x805'6d0c      0x2c  bg77_mqtt.o [2]
  .rodata            const     0x805'6d38      0x2c  bg77_tcpip.o [2]
  .rodata            const     0x805'6d64      0x2c  completion.o [30]
  .rodata            const     0x805'6d90      0x2c  dfs_file.o [28]
  .rodata            const     0x805'6dbc      0x2c  esp.o [4]
  .rodata            const     0x805'6de8      0x2c  esp.o [4]
  .rodata            const     0x805'6e14      0x2c  esp_cmd.o [4]
  .rodata            const     0x805'6e40      0x2c  esp_cmd.o [4]
  .rodata            const     0x805'6e6c      0x2c  esp_mqtt.o [4]
  .rodata            const     0x805'6e98      0x2c  ipc.o [43]
  .rodata            const     0x805'6ec4      0x2c  kservice.o [43]
  .rodata            const     0x805'6ef0      0x2c  msh_board.o [8]
  .rodata            const     0x805'6f1c      0x2c  msh_config.o [8]
  .rodata            const     0x805'6f48      0x2c  msh_esp32.o [8]
  .rodata            const     0x805'6f74      0x2c  object.o [43]
  .rodata            const     0x805'6fa0      0x2c  pin.o [31]
  .rodata            const     0x805'6fcc      0x2c  pm.o [32]
  .rodata            const     0x805'6ff8      0x2c  pm.o [32]
  .rodata            const     0x805'7024      0x2c  qled.o [22]
  .rodata            const     0x805'7050      0x2c  thread.o [43]
  .rodata            const     0x805'707c      0x2c  timer.o [43]
  .rodata            const     0x805'70a8      0x2c  uffs_fs.o [25]
  .rodata            const     0x805'70d4      0x2c  uffs_public.o [25]
  .rodata            const     0x805'7100      0x2c  ulog.o [38]
  .rodata            const     0x805'712c      0x2c  ulog.o [38]
  .rodata            const     0x805'7158      0x2c  upgrade.o [15]
  .rodata            const     0x805'7184      0x2c  upgrade.o [15]
  .rodata            const     0x805'71b0      0x2c  utest.o [40]
  .rodata            const     0x805'71dc      0x2c  utest.o [40]
  .rodata            const     0x805'7208      0x2c  utest.o [40]
  .rodata            const     0x805'7234      0x2c  utest.o [40]
  .rodata            const     0x805'7260      0x2c  utest.o [40]
  .rodata.name       const     0x805'728c      0x2c  esp.o [4]
  .rodata.name       const     0x805'72b8      0x2c  msh_show.o [8]
  .rodata.name       const     0x805'72e4      0x2c  ulog.o [38]
  .rodata            const     0x805'7310      0x28  adc.o [31]
  .rodata            const     0x805'7338      0x28  adc_thread.o [5]
  .rodata            const     0x805'7360      0x28  app_misc.o [6]
  .rodata            const     0x805'7388      0x28  app_misc.o [6]
  .rodata            const     0x805'73b0      0x28  bg77_cmd.o [2]
  .rodata            const     0x805'73d8      0x28  bg77_cmd.o [2]
  .rodata            const     0x805'7400      0x28  bg77_cmd.o [2]
  .rodata            const     0x805'7428      0x28  bg77_mqtt.o [2]
  .rodata            const     0x805'7450      0x28  bg77_mqtt.o [2]
  .rodata            const     0x805'7478      0x28  cmd.o [35]
  .rodata            const     0x805'74a0      0x28  cmd.o [35]
  .rodata            const     0x805'74c8      0x28  cmd.o [35]
  .rodata            const     0x805'74f0      0x28  cmd.o [35]
  .rodata            const     0x805'7518      0x28  completion.o [30]
  .rodata            const     0x805'7540      0x28  completion.o [30]
  .rodata            const     0x805'7568      0x28  dfs_uffs.o [27]
  .rodata            const     0x805'7590      0x28  drv_pm.o [16]
  .rodata            const     0x805'75b8      0x28  drv_rtc.o [16]
  .rodata            const     0x805'75e0      0x28  esp_bt.o [4]
  .rodata            const     0x805'7608      0x28  esp_https.o [4]
  .rodata            const     0x805'7630      0x28  esp_mqtt.o [4]
  .rodata            const     0x805'7658      0x28  ipc.o [43]
  .rodata            const     0x805'7680      0x28  ipc.o [43]
  .rodata            const     0x805'76a8      0x28  mem.o [43]
  .rodata            const     0x805'76d0      0x28  msh_file.o [35]
  .rodata            const     0x805'76f8      0x28  msh_pm.o [8]
  .rodata            const     0x805'7720      0x28  object.o [43]
  .rodata            const     0x805'7748      0x28  pm.o [32]
  .rodata            const     0x805'7770      0x28  rtc.o [33]
  .rodata            const     0x805'7798      0x28  thread.o [43]
  .rodata            const     0x805'77c0      0x28  thread.o [43]
  .rodata            const     0x805'77e8      0x28  timer.o [43]
  .rodata            const     0x805'7810      0x28  uffs_buf.o [25]
  .rodata            const     0x805'7838      0x28  uffs_buf.o [25]
  .rodata            const     0x805'7860      0x28  uffs_flash.o [25]
  .rodata            const     0x805'7888      0x28  uffs_flashif.o [27]
  .rodata            const     0x805'78b0      0x28  uffs_pool.o [25]
  .rodata            const     0x805'78d8      0x28  ulog.o [38]
  .rodata            const     0x805'7900      0x28  ulog.o [38]
  .rodata            const     0x805'7928      0x28  utest.o [40]
  .rodata            const     0x805'7950      0x28  utest.o [40]
  .rodata            const     0x805'7978      0x28  utest.o [40]
  .rodata            const     0x805'79a0      0x28  utest.o [40]
  .rodata            const     0x805'79c8      0x28  utest.o [40]
  .rodata            const     0x805'79f0      0x28  utest.o [40]
  .rodata            const     0x805'7a18      0x28  utest.o [40]
  .rodata            const     0x805'7a40      0x28  utest.o [40]
  .rodata            const     0x805'7a68      0x28  utest.o [40]
  .rodata.name       const     0x805'7a90      0x28  bg77.o [2]
  .rodata.name       const     0x805'7ab8      0x28  msh.o [35]
  .rodata.name       const     0x805'7ae0      0x28  msh_file.o [35]
  .rodata.name       const     0x805'7b08      0x28  ulog.o [38]
  .rodata            const     0x805'7b30      0x24  adc.o [31]
  .rodata            const     0x805'7b54      0x24  adc_thread.o [5]
  .rodata            const     0x805'7b78      0x24  alarm.o [33]
  .rodata            const     0x805'7b9c      0x24  alarm.o [33]
  .rodata            const     0x805'7bc0      0x24  bg77.o [2]
  .rodata            const     0x805'7be4      0x24  bg77.o [2]
  .rodata            const     0x805'7c08      0x24  bg77.o [2]
  .rodata            const     0x805'7c2c      0x24  bg77_file.o [2]
  .rodata            const     0x805'7c50      0x24  bg77_ftp.o [2]
  .rodata            const     0x805'7c74      0x24  bg77_ftp.o [2]
  .rodata            const     0x805'7c98      0x24  bg77_ftp.o [2]
  .rodata            const     0x805'7cbc      0x24  bg77_https.o [2]
  .rodata            const     0x805'7ce0      0x24  bg77_https.o [2]
  .rodata            const     0x805'7d04      0x24  bg77_mqtt.o [2]
  .rodata            const     0x805'7d28      0x24  bg77_mqtt.o [2]
  .rodata            const     0x805'7d4c      0x24  bg77_mqtt.o [2]
  .rodata            const     0x805'7d70      0x24  bg77_tcpip.o [2]
  .rodata            const     0x805'7d94      0x24  bg77_tcpip.o [2]
  .rodata            const     0x805'7db8      0x24  bg77_tcpip.o [2]
  .rodata            const     0x805'7ddc      0x24  cmd.o [35]
  .rodata            const     0x805'7e00      0x24  cmd.o [35]
  .rodata            const     0x805'7e24      0x24  cmd.o [35]
  .rodata            const     0x805'7e48      0x24  cmd.o [35]
  .rodata            const     0x805'7e6c      0x24  cmd.o [35]
  .rodata            const     0x805'7e90      0x24  cmd.o [35]
  .rodata            const     0x805'7eb4      0x24  dfs_file.o [28]
  .rodata            const     0x805'7ed8      0x24  dfs_fs.o [28]
  .rodata            const     0x805'7efc      0x24  dfs_uffs.o [27]
  .rodata            const     0x805'7f20      0x24  drv_adc.o [16]
  .rodata            const     0x805'7f44      0x24  drv_adc.o [16]
  .rodata            const     0x805'7f68      0x24  drv_flash_u5.o [16]
  .rodata            const     0x805'7f8c      0x24  esp.o [4]
  .rodata            const     0x805'7fb0      0x24  esp_bt.o [4]
  .rodata            const     0x805'7fd4      0x24  esp_bt.o [4]
  .rodata            const     0x805'7ff8      0x24  esp_cmd.o [4]
  .rodata            const     0x805'801c      0x24  esp_cmd.o [4]
  .rodata            const     0x805'8040      0x24  esp_cmd.o [4]
  .rodata            const     0x805'8064      0x24  esp_https.o [4]
  .rodata            const     0x805'8088      0x24  esp_https.o [4]
  .rodata            const     0x805'80ac      0x24  esp_https.o [4]
  .rodata            const     0x805'80d0      0x24  esp_mqtt.o [4]
  .rodata            const     0x805'80f4      0x24  esp_mqtt.o [4]
  .rodata            const     0x805'8118      0x24  esp_tcpip.o [4]
  .rodata            const     0x805'813c      0x24  esp_tcpip.o [4]
  .rodata            const     0x805'8160      0x24  esp_tcpip.o [4]
  .rodata            const     0x805'8184      0x24  esp_tcpip.o [4]
  .rodata            const     0x805'81a8      0x24  kservice.o [43]
  .rodata            const     0x805'81cc      0x24  kservice.o [43]
  .rodata            const     0x805'81f0      0x24  mem.o [43]
  .rodata            const     0x805'8214      0x24  msh_file.o [35]
  .rodata            const     0x805'8238      0x24  msh_file.o [35]
  .rodata            const     0x805'825c      0x24  msh_file.o [35]
  .rodata            const     0x805'8280      0x24  msh_file.o [35]
  .rodata            const     0x805'82a4      0x24  qled.o [22]
  .rodata            const     0x805'82c8      0x24  qled.o [22]
  .rodata            const     0x805'82ec      0x24  qled_sample.o [22]
  .rodata            const     0x805'8310      0x24  rtc.o [33]
  .rodata            const     0x805'8334      0x24  syswatch.o [23]
  .rodata            const     0x805'8358      0x24  thread.o [43]
  .rodata            const     0x805'837c      0x24  uffs_buf.o [25]
  .rodata            const     0x805'83a0      0x24  uffs_init.o [25]
  .rodata            const     0x805'83c4      0x24  uffs_init.o [25]
  .rodata            const     0x805'83e8      0x24  ulog.o [38]
  .rodata            const     0x805'840c      0x24  ulog.o [38]
  .rodata            const     0x805'8430      0x24  upgrade.o [15]
  .rodata            const     0x805'8454      0x24  upgrade.o [15]
  .rodata            const     0x805'8478      0x24  utest.o [40]
  .rodata            const     0x805'849c      0x24  utest.o [40]
  .rodata            const     0x805'84c0      0x24  utest.o [40]
  .rodata            const     0x805'84e4      0x24  utest.o [40]
  .rodata            const     0x805'8508      0x24  utest.o [40]
  .rodata            const     0x805'852c      0x24  xscanfsmall_nomb.o [44]
  .rodata.name       const     0x805'8550      0x24  cmd.o [35]
  .rodata.name       const     0x805'8574      0x24  msh_file.o [35]
  .rodata.name       const     0x805'8598      0x24  msh_file.o [35]
  .rodata.name       const     0x805'85bc      0x24  pm.o [32]
  .rodata.name       const     0x805'85e0      0x24  pm.o [32]
  .rodata.name       const     0x805'8604      0x24  pm.o [32]
  .rodata.name       const     0x805'8628      0x24  pm.o [32]
  .rodata.name       const     0x805'864c      0x24  pm.o [32]
  .rodata.name       const     0x805'8670      0x24  qled_sample.o [22]
  .text              ro code   0x805'8694      0x22  fpinit_M.o [45]
  .iar.init_table    const     0x805'86b8      0x20  - Linker created -
  .rodata            const     0x805'86d8      0x20  adc.o [31]
  .rodata            const     0x805'86f8      0x20  adc_thread.o [5]
  .rodata            const     0x805'8718      0x20  app_misc.o [6]
  .rodata            const     0x805'8738      0x20  app_misc.o [6]
  .rodata            const     0x805'8758      0x20  app_ulog.o [6]
  .rodata            const     0x805'8778      0x20  bg77.o [2]
  .rodata            const     0x805'8798      0x20  bg77_file.o [2]
  .rodata            const     0x805'87b8      0x20  bg77_file.o [2]
  .rodata            const     0x805'87d8      0x20  bg77_file.o [2]
  .rodata            const     0x805'87f8      0x20  bg77_ftp.o [2]
  .rodata            const     0x805'8818      0x20  bg77_ftp.o [2]
  .rodata            const     0x805'8838      0x20  bg77_https.o [2]
  .rodata            const     0x805'8858      0x20  bg77_mqtt.o [2]
  .rodata            const     0x805'8878      0x20  bg77_mqtt.o [2]
  .rodata            const     0x805'8898      0x20  bg77_mqtt.o [2]
  .rodata            const     0x805'88b8      0x20  bg77_mqtt.o [2]
  .rodata            const     0x805'88d8      0x20  cmd.o [35]
  .rodata            const     0x805'88f8      0x20  cmd.o [35]
  .rodata            const     0x805'8918      0x20  cmd.o [35]
  .rodata            const     0x805'8938      0x20  cmd.o [35]
  .rodata            const     0x805'8958      0x20  cmd.o [35]
  .rodata            const     0x805'8978      0x20  cmd.o [35]
  .rodata            const     0x805'8998      0x20  cpuport.o [42]
  .rodata            const     0x805'89b8      0x20  ctime.o [36]
  .rodata            const     0x805'89d8      0x20  dfs.o [28]
  .rodata            const     0x805'89f8      0x20  dfs.o [28]
  .rodata            const     0x805'8a18      0x20  dfs_fs.o [28]
  .rodata            const     0x805'8a38      0x20  drv_common.o [16]
  .rodata            const     0x805'8a58      0x20  drv_flash_u5.o [16]
  .rodata            const     0x805'8a78      0x20  drv_rtc.o [16]
  .rodata            const     0x805'8a98      0x20  drv_soft_i2c.o [16]
  .rodata            const     0x805'8ab8      0x20  esp.o [4]
  .rodata            const     0x805'8ad8      0x20  esp.o [4]
  .rodata            const     0x805'8af8      0x20  esp_bt.o [4]
  .rodata            const     0x805'8b18      0x20  esp_bt.o [4]
  .rodata            const     0x805'8b38      0x20  esp_cmd.o [4]
  .rodata            const     0x805'8b58      0x20  esp_cmd.o [4]
  .rodata            const     0x805'8b78      0x20  esp_cmd.o [4]
  .rodata            const     0x805'8b98      0x20  esp_https.o [4]
  .rodata            const     0x805'8bb8      0x20  esp_mqtt.o [4]
  .rodata            const     0x805'8bd8      0x20  i2c_core.o [29]
  .rodata            const     0x805'8bf8      0x20  i2c_dev.o [29]
  .rodata            const     0x805'8c18      0x20  i2c_tools.o [21]
  .rodata            const     0x805'8c38      0x20  ittes_main.o [7]
  .rodata            const     0x805'8c58      0x20  ittes_main.o [7]
  .rodata            const     0x805'8c78      0x20  main.o [1]
  .rodata            const     0x805'8c98      0x20  msh.o [35]
  .rodata            const     0x805'8cb8      0x20  msh_board.o [8]
  .rodata            const     0x805'8cd8      0x20  msh_file.o [35]
  .rodata            const     0x805'8cf8      0x20  msh_file.o [35]
  .rodata            const     0x805'8d18      0x20  msh_file.o [35]
  .rodata            const     0x805'8d38      0x20  msh_file.o [35]
  .rodata            const     0x805'8d58      0x20  msh_file.o [35]
  .rodata            const     0x805'8d78      0x20  msh_file.o [35]
  .rodata            const     0x805'8d98      0x20  msh_file.o [35]
  .rodata            const     0x805'8db8      0x20  msh_show.o [8]
  .rodata            const     0x805'8dd8      0x20  pin.o [31]
  .rodata            const     0x805'8df8      0x20  pm.o [32]
  .rodata            const     0x805'8e18      0x20  pm.o [32]
  .rodata            const     0x805'8e38      0x20  pm.o [32]
  .rodata            const     0x805'8e58      0x20  PPItems.o [15]
  .rodata            const     0x805'8e78      0x20  rtc.o [33]
  .rodata            const     0x805'8e98      0x20  rtc.o [33]
  .rodata            const     0x805'8eb8      0x20  rtc.o [33]
  .rodata            const     0x805'8ed8      0x20  rtc.o [33]
[...]
uffs_GetFirstBlockTimeStamp
                         0x802'f80d     0x4  Code  Gb  uffs_public.o [25]
uffs_GetFreePagesCount   0x802'fb99    0x52  Code  Gb  uffs_public.o [25]
uffs_GetMatchedMountPointSize
                         0x802'f735    0x58  Code  Gb  uffs_mtb.o [25]
uffs_GetMountTableByMountPoint
                         0x802'f5c5    0x20  Code  Lc  uffs_mtb.o [25]
uffs_GetNextBlockTimeStamp
                         0x802'f811     0xe  Code  Gb  uffs_public.o [25]
uffs_GetObject           0x802'dbf1    0x28  Code  Gb  uffs_fs.o [25]
uffs_GetObjectInfo       0x804'57c5    0x7a  Code  Gb  uffs_find.o [25]
uffs_GetObjectPool       0x802'db91     0x6  Code  Gb  uffs_fs.o [25]
uffs_GlobalFsLockLock    0x804'55dd     0xe  Code  Gb  uffs_utils.o [25]
uffs_GlobalFsLockUnlock
                         0x804'55eb     0xe  Code  Gb  uffs_utils.o [25]
uffs_InitDevice          0x803'29b9    0xa4  Code  Gb  uffs_init.o [25]
uffs_InitDeviceConfig    0x803'290d    0x9e  Code  Lc  uffs_init.o [25]
uffs_InitFlash           0x804'7a51     0x4  Code  Lc  uffs_flashif.o [27]
uffs_InitGlobalFsLock    0x804'55d1     0xc  Code  Gb  uffs_utils.o [25]
uffs_InitObjectBuf       0x802'db97    0x1e  Code  Gb  uffs_fs.o [25]
uffs_InsertNodeToTree    0x802'fe2f    0x2a  Code  Gb  uffs_tree.o [25]
uffs_InsertToDataEntry   0x803'0c2d    0x18  Code  Lc  uffs_tree.o [25]
uffs_InsertToDirEntry    0x803'0c19    0x14  Code  Lc  uffs_tree.o [25]
uffs_InsertToErasedListHead
                         0x803'0c45    0x2a  Code  Gb  uffs_tree.o [25]
uffs_InsertToFileEntry   0x803'0c05    0x14  Code  Lc  uffs_tree.o [25]
uffs_IsPageErased        0x802'fbeb    0x3c  Code  Gb  uffs_public.o [25]
uffs_IsSrcNewerThanObj   0x802'f81f    0x2c  Code  Gb  uffs_public.o [25]
uffs_IsThisBlockUsed     0x802'f9d9    0x1e  Code  Gb  uffs_public.o [25]
uffs_LoadMiniHeader      0x802'fc39    0x5a  Code  Gb  uffs_public.o [25]
uffs_MakeSum16           0x802'fa23     0x8  Code  Gb  uffs_public.o [25]
uffs_MemSetupSystemAllocator
                         0x803'20cd     0xa  Code  Gb  uffs_rtthread.o [26]
uffs_Mount               0x802'f5e5    0xae  Code  Gb  uffs_mtb.o [25]
uffs_MoveObjectEx        0x802'ef7d    0xee  Code  Gb  uffs_fs.o [25]
uffs_OpenObject          0x802'e199    0x3e  Code  Gb  uffs_fs.o [25]
uffs_OpenObjectEx        0x802'dee1   0x18a  Code  Gb  uffs_fs.o [25]
uffs_Ops                 0x805'7888    0x28  Data  Gb  uffs_flashif.o [27]
uffs_ParseObject         0x802'e06b    0xfc  Code  Gb  uffs_fs.o [25]
uffs_PoolCheckFreeList   0x802'f42d    0x16  Code  Gb  uffs_pool.o [25]
uffs_PoolFindNextAllocated
                         0x802'f4a3    0x5e  Code  Gb  uffs_pool.o [25]
uffs_PoolGet             0x802'f2eb    0x2c  Code  Gb  uffs_pool.o [25]
uffs_PoolGetBufByIndex   0x802'f34f    0x52  Code  Gb  uffs_pool.o [25]
uffs_PoolGetIndex        0x802'f3a1    0x66  Code  Gb  uffs_pool.o [25]
uffs_PoolInit            0x802'f189    0xf2  Code  Gb  uffs_pool.o [25]
uffs_PoolPut             0x802'f317    0x38  Code  Gb  uffs_pool.o [25]
uffs_PoolRelease         0x802'f2b3    0x38  Code  Gb  uffs_pool.o [25]
uffs_PoolVerify          0x802'f27b    0x38  Code  Gb  uffs_pool.o [25]
uffs_PutAllObjectBuf     0x802'dbb5    0x3c  Code  Gb  uffs_fs.o [25]
uffs_PutDevice           0x802'f801     0xc  Code  Gb  uffs_mtb.o [25]
uffs_PutObject           0x802'dc4b    0x12  Code  Gb  uffs_fs.o [25]
uffs_ReInitObject        0x802'dc19    0x32  Code  Gb  uffs_fs.o [25]
uffs_ReadObject          0x802'e755   0x172  Code  Gb  uffs_fs.o [25]
uffs_ReadPage            0x804'7a73    0xaa  Code  Lc  uffs_flashif.o [27]
uffs_RegisterMountTable
                         0x802'f501    0x62  Code  Gb  uffs_mtb.o [25]
uffs_RegisterMountTable::dev_num
                        0x2000'a1e0     0x4  Data  Lc  uffs_mtb.o [25]
uffs_ReleaseDevice       0x803'2a5d    0x50  Code  Gb  uffs_init.o [25]
uffs_ReleaseFlash        0x804'7a55     0x4  Code  Lc  uffs_flashif.o [27]
uffs_RenameObject        0x802'f06b   0x11c  Code  Gb  uffs_fs.o [25]
uffs_SeekObject          0x802'e8c7    0x64  Code  Gb  uffs_fs.o [25]
uffs_SemCreate           0x803'2051    0x32  Code  Gb  uffs_rtthread.o [26]
uffs_SemCreate::count   0x2000'a1e4     0x4  Data  Lc  uffs_rtthread.o [26]
uffs_SemDelete           0x803'2097    0x1c  Code  Gb  uffs_rtthread.o [26]
uffs_SemSignal           0x803'208f     0x8  Code  Gb  uffs_rtthread.o [26]
uffs_SemWait             0x803'2083     0xc  Code  Gb  uffs_rtthread.o [26]
uffs_TreeCompareFileName
                         0x803'0883    0x70  Code  Gb  uffs_tree.o [25]
uffs_TreeEraseNode       0x803'0acb    0x60  Code  Gb  uffs_tree.o [25]
uffs_TreeFindBadNodeByBlock
                         0x803'0691    0x1c  Code  Gb  uffs_tree.o [25]
uffs_TreeFindDataNode    0x803'05df    0x54  Code  Gb  uffs_tree.o [25]
uffs_TreeFindDataNodeByBlock
                         0x803'06f3    0x48  Code  Gb  uffs_tree.o [25]
uffs_TreeFindDirNode     0x803'04d5    0x42  Code  Gb  uffs_tree.o [25]
uffs_TreeFindDirNodeByBlock
                         0x803'0633    0x44  Code  Gb  uffs_tree.o [25]
uffs_TreeFindDirNodeByName
                         0x803'07dd    0x82  Code  Gb  uffs_tree.o [25]
uffs_TreeFindDirNodeWithParent
                         0x803'0517    0x44  Code  Gb  uffs_tree.o [25]
uffs_TreeFindErasedNodeByBlock
                         0x803'0677    0x1a  Code  Gb  uffs_tree.o [25]
uffs_TreeFindFileNode    0x803'03ed    0x44  Code  Gb  uffs_tree.o [25]
uffs_TreeFindFileNodeByBlock
                         0x803'06ad    0x46  Code  Gb  uffs_tree.o [25]
uffs_TreeFindFileNodeByName
                         0x803'055b    0x84  Code  Gb  uffs_tree.o [25]
uffs_TreeFindFileNodeWithParent
                         0x803'048f    0x46  Code  Gb  uffs_tree.o [25]
uffs_TreeFindNodeByBlock
                         0x803'073b    0xa2  Code  Gb  uffs_tree.o [25]
uffs_TreeFindSuspendNode
                         0x803'044f    0x18  Code  Gb  uffs_tree.o [25]
uffs_TreeGetErasedNode   0x803'0a71    0x5a  Code  Gb  uffs_tree.o [25]
uffs_TreeGetErasedNodeNoCheck
                         0x803'0a47    0x2a  Code  Lc  uffs_tree.o [25]
uffs_TreeInit            0x802'fc93    0xda  Code  Gb  uffs_tree.o [25]
uffs_TreeInsertToBadBlockList
                         0x803'0ca7    0x20  Code  Gb  uffs_tree.o [25]
uffs_TreeInsertToErasedListTail
                         0x803'0c9d     0xa  Code  Gb  uffs_tree.o [25]
uffs_TreeInsertToErasedListTailEx
                         0x803'0c6f    0x2e  Code  Gb  uffs_tree.o [25]
uffs_TreeProcessPendingBadBlock
                         0x802'fdab    0x64  Code  Lc  uffs_tree.o [25]
uffs_TreeRelease         0x802'fd6d    0x3e  Code  Gb  uffs_tree.o [25]
uffs_TreeRemoveSuspendNode
                         0x803'0467    0x28  Code  Gb  uffs_tree.o [25]
uffs_TreeSuspendAdd      0x803'0431    0x1e  Code  Gb  uffs_tree.o [25]
uffs_UnMount             0x802'f693    0xa2  Code  Gb  uffs_mtb.o [25]
uffs_UnRegisterMountTable
                         0x802'f563    0x62  Code  Gb  uffs_mtb.o [25]
uffs_WriteObject         0x802'e67b    0xd0  Code  Gb  uffs_fs.o [25]
uffs_WritePage           0x804'7b1d    0x9c  Code  Lc  uffs_flashif.o [27]
uffs_close               0x804'4e93    0x9c  Code  Gb  uffs_fd.o [25]
uffs_closedir            0x804'532b    0x5e  Code  Gb  uffs_fd.o [25]
uffs_crc16sum            0x803'2ae1     0xc  Code  Gb  uffs_crc.o [25]
uffs_crc16update         0x803'2aad    0x2e  Code  Gb  uffs_crc.o [25]
uffs_flush               0x804'50df    0x92  Code  Gb  uffs_fd.o [25]
uffs_format              0x804'5593    0x3e  Code  Gb  uffs_fd.o [25]
uffs_get_error           0x804'4e13     0x8  Code  Gb  uffs_fd.o [25]
uffs_lstat               0x804'5323     0x8  Code  Gb  uffs_fd.o [25]
uffs_mkdir               0x804'54dd    0x5a  Code  Gb  uffs_fd.o [25]
uffs_open                0x804'4e25    0x6e  Code  Gb  uffs_fd.o [25]
uffs_opendir             0x804'5389    0x76  Code  Gb  uffs_fd.o [25]
uffs_read                0x804'4f2f    0x90  Code  Gb  uffs_fd.o [25]
uffs_readdir             0x804'53ff    0x8c  Code  Gb  uffs_fd.o [25]
uffs_remove              0x804'51a7    0x5c  Code  Gb  uffs_fd.o [25]
uffs_rename              0x804'5171    0x36  Code  Gb  uffs_fd.o [25]
uffs_result_to_dfs       0x804'72d9    0x86  Code  Lc  dfs_uffs.o [27]
uffs_rewinddir           0x804'548b    0x40  Code  Gb  uffs_fd.o [25]
uffs_rmdir               0x804'5537    0x5c  Code  Gb  uffs_fd.o [25]
uffs_seek                0x804'504f    0x90  Code  Gb  uffs_fd.o [25]
uffs_seekdir             0x804'776d    0x24  Code  Gb  dfs_uffs.o [27]
uffs_set_error           0x804'4e1b     0xa  Code  Gb  uffs_fd.o [25]
uffs_stat                0x804'528f    0x94  Code  Gb  uffs_fd.o [25]
uffs_write               0x804'4fbf    0x90  Code  Gb  uffs_fd.o [25]
ulog                     0x805'1651    0x4e  Code  Lc  app_ulog.o [6]
ulog                    0x2000'82cc   0x274  Data  Lc  ulog.o [38]
ulog_backend_register    0x802'3d49    0x86  Code  Gb  ulog.o [38]
ulog_backend_register::__FUNCTION__
                         0x805'ae20    0x18  Data  Lc  ulog.o [38]
ulog_be_lvl              0x802'3b3f    0x48  Code  Lc  ulog.o [38]
ulog_be_lvl_filter_set   0x802'391d    0x58  Code  Gb  ulog.o [38]
ulog_console_backend_init
                         0x802'7011    0x18  Code  Gb  console_be.o [39]
ulog_console_backend_output
                         0x802'6ff1    0x20  Code  Gb  console_be.o [39]
ulog_filter              0x802'3c79    0xd0  Code  Lc  ulog.o [38]
ulog_float               0x805'3859    0x5e  Code  Lc  msh_debug.o [8]
ulog_formater::__FUNCTION__
                         0x805'd330    0x10  Data  Lc  ulog.o [38]
ulog_formater::fmt_result
                        0x2000'a1fc     0x4  Data  Lc  ulog.o [38]
ulog_formater::log_len  0x2000'a1f8     0x4  Data  Lc  ulog.o [38]
ulog_global_filter_kw_get
                         0x802'3b0d     0x6  Code  Gb  ulog.o [38]
ulog_global_filter_kw_set
                         0x802'3ae7    0x26  Code  Gb  ulog.o [38]
ulog_global_filter_kw_set::__FUNCTION__
                         0x805'a024    0x1c  Data  Lc  ulog.o [38]
ulog_global_filter_lvl_get
                         0x802'3ab3     0xa  Code  Gb  ulog.o [38]
ulog_global_filter_lvl_set
                         0x802'3a91    0x22  Code  Gb  ulog.o [38]
ulog_global_filter_lvl_set::__FUNCTION__
                         0x805'9fd0    0x1c  Data  Lc  ulog.o [38]
ulog_global_filter_tag_get
                         0x802'3ae1     0x6  Code  Gb  ulog.o [38]
ulog_global_filter_tag_set
                         0x802'3abd    0x24  Code  Gb  ulog.o [38]
ulog_global_filter_tag_set::__FUNCTION__
                         0x805'a008    0x1c  Data  Lc  ulog.o [38]
ulog_head_formater::__FUNCTION__
                         0x805'bec4    0x14  Data  Lc  ulog.o [38]
ulog_head_formater::log_len
                        0x2000'a1ec     0x4  Data  Lc  ulog.o [38]
ulog_head_formater{5}::tick_len
                        0x2000'a1f0     0x4  Data  Lc  ulog.o [38]
ulog_hex_formater::__FUNCTION__
                         0x805'beec    0x14  Data  Lc  ulog.o [38]
ulog_hex_formater::fmt_result
                        0x2000'a208     0x4  Data  Lc  ulog.o [38]
ulog_hex_formater::j    0x2000'a204     0x4  Data  Lc  ulog.o [38]
ulog_hex_formater::log_len
                        0x2000'a200     0x4  Data  Lc  ulog.o [38]
ulog_hexdump             0x802'38c9    0x54  Code  Gb  ulog.o [38]
ulog_init                0x802'3dcf    0x3c  Code  Gb  ulog.o [38]
ulog_kw                  0x802'3c45    0x30  Code  Lc  ulog.o [38]
ulog_lvl                 0x802'3bd1    0x44  Code  Lc  ulog.o [38]
ulog_output              0x802'38a5    0x20  Code  Gb  ulog.o [38]
ulog_output_to_all_backend
                         0x802'362b    0xec  Code  Lc  ulog.o [38]
ulog_strcpy              0x802'3525    0x4a  Code  Gb  ulog.o [38]
ulog_strcpy::__FUNCTION__
                         0x805'e258     0xc  Data  Lc  ulog.o [38]
ulog_table              0x2000'0000    0x78  Data  Lc  app_ulog.o [6]
ulog_tag                 0x802'3c15    0x30  Code  Lc  ulog.o [38]
ulog_tag_lvl             0x802'3b89    0x48  Code  Lc  ulog.o [38]
ulog_tag_lvl_filter_get
                         0x802'3a39    0x4e  Code  Gb  ulog.o [38]
ulog_tag_lvl_filter_set
                         0x802'3979    0xc0  Code  Gb  ulog.o [38]
ulog_tag_lvl_list_get    0x802'3a87     0x6  Code  Gb  ulog.o [38]
ulog_tail_formater::__FUNCTION__
                         0x805'bed8    0x14  Data  Lc  ulog.o [38]
ulog_tail_formater::newline_len
                        0x2000'a1f4     0x4  Data  Lc  ulog.o [38]
ulog_ultoa               0x802'356f    0x42  Code  Gb  ulog.o [38]
ulog_voutput             0x802'3761   0x144  Code  Gb  ulog.o [38]
ulog_voutput::__FUNCTION__
                         0x805'd340    0x10  Data  Lc  ulog.o [38]
ulog_voutput::log_len   0x2000'a210     0x4  Data  Lc  ulog.o [38]
ulog_voutput::ulog_voutput_recursion
                        0x2000'a20c     0x4  Data  Lc  ulog.o [38]
unlink                   0x802'd831    0x18  Code  Gb  dfs_posix.o [28]
update                   0x803'3df1    0x22  Code  Lc  cJSON.o [19]
upgrade                  0x803'f081    0x3e  Code  Gb  upgrade.o [15]
upgrade_app              0x803'ee5f   0x208  Code  Gb  upgrade.o [15]
upgrade_app::__func__    0x805'e27c     0xc  Data  Lc  upgrade.o [15]
upgrade_init             0x803'ee09    0x56  Code  Gb  upgrade.o [15]
urc_table                0x805'7be4    0x24  Data  Lc  bg77.o [2]
urc_table                0x805'5680    0x3c  Data  Lc  esp.o [4]
usage_fault_track        0x802'769d    0x62  Code  Lc  cpuport.o [42]
user_alarm_callback      0x805'1079     0xa  Code  Gb  msh_board.o [8]
ustr2hex                 0x804'130d    0x22  Code  Gb  ustring.o [14]
ustrhextostr             0x804'132f    0x36  Code  Gb  ustring.o [14]
ustrhextostr::digits     0x805'bf28    0x14  Data  Lc  ustring.o [14]
utest_assert             0x804'9fb3    0x5e  Code  Gb  utest.o [40]
utest_handle_get         0x804'9f95     0x4  Code  Gb  utest.o [40]
utest_help               0x804'9b2f    0xb4  Code  Lc  utest.o [40]
utest_init               0x804'9a35    0x72  Code  Gb  utest.o [40]
utest_log_lv            0x2000'0549     0x1  Data  Lc  utest.o [40]
utest_run                0x804'9be9   0x2d4  Code  Lc  utest.o [40]
utest_tc_cleanup         0x805'4dd1     0x4  Code  Lc  utext_adc.o [9]
utest_tc_cleanup         0x805'4e19     0x4  Code  Lc  utext_bg77.o [9]
utest_tc_cleanup         0x805'4e61     0x4  Code  Lc  utext_ble.o [9]
utest_tc_cleanup         0x805'4723     0x4  Code  Lc  utext_flash.o [9]
utest_tc_cleanup         0x805'4ea9     0x4  Code  Lc  utext_led.o [9]
utest_tc_cleanup         0x805'4ef1     0x4  Code  Lc  utext_lsm6d.o [9]
utest_tc_cleanup         0x805'4f39     0x4  Code  Lc  utext_wifi.o [9]
utest_tc_init            0x805'4dcd     0x4  Code  Lc  utext_adc.o [9]
utest_tc_init            0x805'4e15     0x4  Code  Lc  utext_bg77.o [9]
utest_tc_init            0x805'4e5d     0x4  Code  Lc  utext_ble.o [9]
utest_tc_init            0x805'471f     0x4  Code  Lc  utext_flash.o [9]
utest_tc_init            0x805'4ea5     0x4  Code  Lc  utext_led.o [9]
utest_tc_init            0x805'4eed     0x4  Code  Lc  utext_lsm6d.o [9]
utest_tc_init            0x805'4f35     0x4  Code  Lc  utext_wifi.o [9]
utest_tc_list            0x804'9aa7    0x52  Code  Lc  utest.o [40]
utest_testcase_run       0x804'9ebd    0xd8  Code  Lc  utest.o [40]
utest_testcase_run::__func__
                         0x805'bf64    0x14  Data  Lc  utest.o [40]
utest_testcase_run::utest_name
                        0x2000'9ad8    0x80  Data  Lc  utest.o [40]
utest_unit_run           0x804'9f99    0x1a  Code  Gb  utest.o [40]
uwTick                  0x2000'a1b0     0x4  Data  Gb  stm32u5xx_hal.o [18]
uwTickPrio              0x2000'04a0     0x4  Data  Gb  stm32u5xx_hal.o [18]
version                  0x802'8c6f     0xa  Code  Gb  cmd.o [35]
vsnprintf                0x802'8485    0x3c  Code  Gb  vsnprint.o [44]
wifiset_analy            0x803'db8d    0xde  Code  Gb  smart_analy.o [13]
wifiset_analy::__func__
                         0x805'd060    0x10  Data  Lc  smart_analy.o [13]
working_directory       0x2000'0088   0x100  Data  Gb  dfs.o [28]
write                    0x802'd777    0x34  Code  Gb  dfs_posix.o [28]


[1] = C:\Users\10217\Desktop\coolSrc\prj\Debug\Obj\app
[2] = C:\Users\10217\Desktop\coolSrc\prj\Debug\Obj\app\at_client\bg77
[3] = C:\Users\10217\Desktop\coolSrc\prj\Debug\Obj\app\at_client\common
[4] = C:\Users\10217\Desktop\coolSrc\prj\Debug\Obj\app\at_client\esp
[5] = C:\Users\10217\Desktop\coolSrc\prj\Debug\Obj\app\business
[6] = C:\Users\10217\Desktop\coolSrc\prj\Debug\Obj\app\hci\common
[7] = C:\Users\10217\Desktop\coolSrc\prj\Debug\Obj\app\hci\ittes
[8] = C:\Users\10217\Desktop\coolSrc\prj\Debug\Obj\app\hci\msh
[9] = C:\Users\10217\Desktop\coolSrc\prj\Debug\Obj\app\hci\utest
[10] = C:\Users\10217\Desktop\coolSrc\prj\Debug\Obj\app\oam
[11] = C:\Users\10217\Desktop\coolSrc\prj\Debug\Obj\app\oam\lan
[12] = C:\Users\10217\Desktop\coolSrc\prj\Debug\Obj\app\oam\service
[13] = C:\Users\10217\Desktop\coolSrc\prj\Debug\Obj\app\oam\smart
[14] = C:\Users\10217\Desktop\coolSrc\prj\Debug\Obj\app\public
[15] = C:\Users\10217\Desktop\coolSrc\prj\Debug\Obj\app\system
[16] = C:\Users\10217\Desktop\coolSrc\prj\Debug\Obj\bsp\drivers
[17] = C:\Users\10217\Desktop\coolSrc\prj\Debug\Obj\bsp\libraries\CMSIS
[18] = C:\Users\10217\Desktop\coolSrc\prj\Debug\Obj\bsp\libraries\STM32U5xx_HAL_Driver\src
[19] = C:\Users\10217\Desktop\coolSrc\prj\Debug\Obj\packages\cJSON
[20] = C:\Users\10217\Desktop\coolSrc\prj\Debug\Obj\packages\easyblink-v2.0.1
[21] = C:\Users\10217\Desktop\coolSrc\prj\Debug\Obj\packages\i2c-tools
[22] = C:\Users\10217\Desktop\coolSrc\prj\Debug\Obj\packages\quick_led-latest
[23] = C:\Users\10217\Desktop\coolSrc\prj\Debug\Obj\packages\syswatch\src
[24] = C:\Users\10217\Desktop\coolSrc\prj\Debug\Obj\rt-thread[5.0.1]\components\dfs\filesystems\devfs
[25] = C:\Users\10217\Desktop\coolSrc\prj\Debug\Obj\rt-thread[5.0.1]\components\dfs\filesystems\uffs\src\uffs
[26] = C:\Users\10217\Desktop\coolSrc\prj\Debug\Obj\rt-thread[5.0.1]\components\dfs\filesystems\uffs\storage
[27] = C:\Users\10217\Desktop\coolSrc\prj\Debug\Obj\rt-thread[5.0.1]\components\dfs\filesystems\uffs\storage\nor
[28] = C:\Users\10217\Desktop\coolSrc\prj\Debug\Obj\rt-thread[5.0.1]\components\dfs\src
[29] = C:\Users\10217\Desktop\coolSrc\prj\Debug\Obj\rt-thread[5.0.1]\components\drivers\i2c
[30] = C:\Users\10217\Desktop\coolSrc\prj\Debug\Obj\rt-thread[5.0.1]\components\drivers\ipc
[31] = C:\Users\10217\Desktop\coolSrc\prj\Debug\Obj\rt-thread[5.0.1]\components\drivers\misc
[32] = C:\Users\10217\Desktop\coolSrc\prj\Debug\Obj\rt-thread[5.0.1]\components\drivers\pm
[33] = C:\Users\10217\Desktop\coolSrc\prj\Debug\Obj\rt-thread[5.0.1]\components\drivers\rtc
[34] = C:\Users\10217\Desktop\coolSrc\prj\Debug\Obj\rt-thread[5.0.1]\components\drivers\serial
[35] = C:\Users\10217\Desktop\coolSrc\prj\Debug\Obj\rt-thread[5.0.1]\components\finsh
[36] = C:\Users\10217\Desktop\coolSrc\prj\Debug\Obj\rt-thread[5.0.1]\components\libc\common
[37] = C:\Users\10217\Desktop\coolSrc\prj\Debug\Obj\rt-thread[5.0.1]\components\libc\dlib
[38] = C:\Users\10217\Desktop\coolSrc\prj\Debug\Obj\rt-thread[5.0.1]\components\utilities\ulog
[39] = C:\Users\10217\Desktop\coolSrc\prj\Debug\Obj\rt-thread[5.0.1]\components\utilities\ulog\backend
[40] = C:\Users\10217\Desktop\coolSrc\prj\Debug\Obj\rt-thread[5.0.1]\components\utilities\utest
[41] = C:\Users\10217\Desktop\coolSrc\prj\Debug\Obj\rt-thread[5.0.1]\components\utilities\ymodem
[42] = C:\Users\10217\Desktop\coolSrc\prj\Debug\Obj\rt-thread[5.0.1]\libcpu\arm
[43] = C:\Users\10217\Desktop\coolSrc\prj\Debug\Obj\rt-thread[5.0.1]\src
[44] = dl7M_tlf.a
[45] = m7M_tls.a
[46] = rt7M_tl.a

  203'296 bytes of readonly  code memory
   55'728 bytes of readonly  data memory
   42'552 bytes of readwrite data memory

Errors: none
Warnings: none
